Archive member included to satisfy reference by file (symbol)

C:/ST/STM32CubeIDE_1.15.0/STM32CubeIDE/plugins/com.st.stm32cube.ide.mcu.externaltools.gnu-tools-for-stm32.12.3.rel1.win32_1.0.100.202403111256/tools/bin/../lib/gcc/arm-none-eabi/12.3.1/../../../../arm-none-eabi/lib/thumb/v7e-m+fp/hard\libc_nano.a(libc_a-assert.o)
                              ./Core/Src/cayenne_lpp.o (__assert_func)
C:/ST/STM32CubeIDE_1.15.0/STM32CubeIDE/plugins/com.st.stm32cube.ide.mcu.externaltools.gnu-tools-for-stm32.12.3.rel1.win32_1.0.100.202403111256/tools/bin/../lib/gcc/arm-none-eabi/12.3.1/../../../../arm-none-eabi/lib/thumb/v7e-m+fp/hard\libc_nano.a(libc_a-exit.o)
                              C:/ST/STM32CubeIDE_1.15.0/STM32CubeIDE/plugins/com.st.stm32cube.ide.mcu.externaltools.gnu-tools-for-stm32.12.3.rel1.win32_1.0.100.202403111256/tools/bin/../lib/gcc/arm-none-eabi/12.3.1/../../../../arm-none-eabi/lib/thumb/v7e-m+fp/hard/crt0.o (exit)
C:/ST/STM32CubeIDE_1.15.0/STM32CubeIDE/plugins/com.st.stm32cube.ide.mcu.externaltools.gnu-tools-for-stm32.12.3.rel1.win32_1.0.100.202403111256/tools/bin/../lib/gcc/arm-none-eabi/12.3.1/../../../../arm-none-eabi/lib/thumb/v7e-m+fp/hard\libc_nano.a(libc_a-findfp.o)
                              C:/ST/STM32CubeIDE_1.15.0/STM32CubeIDE/plugins/com.st.stm32cube.ide.mcu.externaltools.gnu-tools-for-stm32.12.3.rel1.win32_1.0.100.202403111256/tools/bin/../lib/gcc/arm-none-eabi/12.3.1/../../../../arm-none-eabi/lib/thumb/v7e-m+fp/hard\libc_nano.a(libc_a-exit.o) (__stdio_exit_handler)
C:/ST/STM32CubeIDE_1.15.0/STM32CubeIDE/plugins/com.st.stm32cube.ide.mcu.externaltools.gnu-tools-for-stm32.12.3.rel1.win32_1.0.100.202403111256/tools/bin/../lib/gcc/arm-none-eabi/12.3.1/../../../../arm-none-eabi/lib/thumb/v7e-m+fp/hard\libc_nano.a(libc_a-fprintf.o)
                              C:/ST/STM32CubeIDE_1.15.0/STM32CubeIDE/plugins/com.st.stm32cube.ide.mcu.externaltools.gnu-tools-for-stm32.12.3.rel1.win32_1.0.100.202403111256/tools/bin/../lib/gcc/arm-none-eabi/12.3.1/../../../../arm-none-eabi/lib/thumb/v7e-m+fp/hard\libc_nano.a(libc_a-assert.o) (fiprintf)
C:/ST/STM32CubeIDE_1.15.0/STM32CubeIDE/plugins/com.st.stm32cube.ide.mcu.externaltools.gnu-tools-for-stm32.12.3.rel1.win32_1.0.100.202403111256/tools/bin/../lib/gcc/arm-none-eabi/12.3.1/../../../../arm-none-eabi/lib/thumb/v7e-m+fp/hard\libc_nano.a(libc_a-fwalk.o)
                              C:/ST/STM32CubeIDE_1.15.0/STM32CubeIDE/plugins/com.st.stm32cube.ide.mcu.externaltools.gnu-tools-for-stm32.12.3.rel1.win32_1.0.100.202403111256/tools/bin/../lib/gcc/arm-none-eabi/12.3.1/../../../../arm-none-eabi/lib/thumb/v7e-m+fp/hard\libc_nano.a(libc_a-findfp.o) (_fwalk_sglue)
C:/ST/STM32CubeIDE_1.15.0/STM32CubeIDE/plugins/com.st.stm32cube.ide.mcu.externaltools.gnu-tools-for-stm32.12.3.rel1.win32_1.0.100.202403111256/tools/bin/../lib/gcc/arm-none-eabi/12.3.1/../../../../arm-none-eabi/lib/thumb/v7e-m+fp/hard\libc_nano.a(libc_a-stdio.o)
                              C:/ST/STM32CubeIDE_1.15.0/STM32CubeIDE/plugins/com.st.stm32cube.ide.mcu.externaltools.gnu-tools-for-stm32.12.3.rel1.win32_1.0.100.202403111256/tools/bin/../lib/gcc/arm-none-eabi/12.3.1/../../../../arm-none-eabi/lib/thumb/v7e-m+fp/hard\libc_nano.a(libc_a-findfp.o) (__sread)
C:/ST/STM32CubeIDE_1.15.0/STM32CubeIDE/plugins/com.st.stm32cube.ide.mcu.externaltools.gnu-tools-for-stm32.12.3.rel1.win32_1.0.100.202403111256/tools/bin/../lib/gcc/arm-none-eabi/12.3.1/../../../../arm-none-eabi/lib/thumb/v7e-m+fp/hard\libc_nano.a(libc_a-memset.o)
                              C:/ST/STM32CubeIDE_1.15.0/STM32CubeIDE/plugins/com.st.stm32cube.ide.mcu.externaltools.gnu-tools-for-stm32.12.3.rel1.win32_1.0.100.202403111256/tools/bin/../lib/gcc/arm-none-eabi/12.3.1/../../../../arm-none-eabi/lib/thumb/v7e-m+fp/hard/crt0.o (memset)
C:/ST/STM32CubeIDE_1.15.0/STM32CubeIDE/plugins/com.st.stm32cube.ide.mcu.externaltools.gnu-tools-for-stm32.12.3.rel1.win32_1.0.100.202403111256/tools/bin/../lib/gcc/arm-none-eabi/12.3.1/../../../../arm-none-eabi/lib/thumb/v7e-m+fp/hard\libc_nano.a(libc_a-closer.o)
                              C:/ST/STM32CubeIDE_1.15.0/STM32CubeIDE/plugins/com.st.stm32cube.ide.mcu.externaltools.gnu-tools-for-stm32.12.3.rel1.win32_1.0.100.202403111256/tools/bin/../lib/gcc/arm-none-eabi/12.3.1/../../../../arm-none-eabi/lib/thumb/v7e-m+fp/hard\libc_nano.a(libc_a-stdio.o) (_close_r)
C:/ST/STM32CubeIDE_1.15.0/STM32CubeIDE/plugins/com.st.stm32cube.ide.mcu.externaltools.gnu-tools-for-stm32.12.3.rel1.win32_1.0.100.202403111256/tools/bin/../lib/gcc/arm-none-eabi/12.3.1/../../../../arm-none-eabi/lib/thumb/v7e-m+fp/hard\libc_nano.a(libc_a-reent.o)
                              C:/ST/STM32CubeIDE_1.15.0/STM32CubeIDE/plugins/com.st.stm32cube.ide.mcu.externaltools.gnu-tools-for-stm32.12.3.rel1.win32_1.0.100.202403111256/tools/bin/../lib/gcc/arm-none-eabi/12.3.1/../../../../arm-none-eabi/lib/thumb/v7e-m+fp/hard\libc_nano.a(libc_a-closer.o) (errno)
[...]
Memory Configuration

Name             Origin             Length             Attributes
RAM              0x20000000         0x00010000         xrw
RAM2             0x10000000         0x00004000         xrw
FLASH            0x08000000         0x00040000         xr
*default*        0x00000000         0xffffffff

Linker script and memory map

LOAD C:/ST/STM32CubeIDE_1.15.0/STM32CubeIDE/plugins/com.st.stm32cube.ide.mcu.externaltools.gnu-tools-for-stm32.12.3.rel1.win32_1.0.100.202403111256/tools/bin/../lib/gcc/arm-none-eabi/12.3.1/thumb/v7e-m+fp/hard/crti.o
LOAD C:/ST/STM32CubeIDE_1.15.0/STM32CubeIDE/plugins/com.st.stm32cube.ide.mcu.externaltools.gnu-tools-for-stm32.12.3.rel1.win32_1.0.100.202403111256/tools/bin/../lib/gcc/arm-none-eabi/12.3.1/thumb/v7e-m+fp/hard/crtbegin.o
LOAD C:/ST/STM32CubeIDE_1.15.0/STM32CubeIDE/plugins/com.st.stm32cube.ide.mcu.externaltools.gnu-tools-for-stm32.12.3.rel1.win32_1.0.100.202403111256/tools/bin/../lib/gcc/arm-none-eabi/12.3.1/../../../../arm-none-eabi/lib/thumb/v7e-m+fp/hard/crt0.o
LOAD ./Core/Src/adc.o
LOAD ./Core/Src/aes.o
LOAD ./Core/Src/cayenne_lpp.o
LOAD ./Core/Src/debug.o
LOAD ./Core/Src/gpio.o
LOAD ./Core/Src/hal.o
LOAD ./Core/Src/i2c.o
LOAD ./Core/Src/lmic.o
LOAD ./Core/Src/main.o
LOAD ./Core/Src/oslmic.o
LOAD ./Core/Src/radio.o
LOAD ./Core/Src/spi.o
LOAD ./Core/Src/stm32l4xx_hal_msp.o
LOAD ./Core/Src/stm32l4xx_it.o
LOAD ./Core/Src/syscalls.o
LOAD ./Core/Src/sysmem.o
LOAD ./Core/Src/system_stm32l4xx.o
LOAD ./Core/Src/tim.o
LOAD ./Core/Src/usart.o
LOAD ./Core/Src/bme680/bme68x.o
LOAD ./Core/Src/bme680/bme68x_necessary_functions.o
LOAD ./Core/Startup/startup_stm32l432kcux.o
LOAD ./Drivers/STM32L4xx_HAL_Driver/Src/stm32l4xx_hal.o
LOAD ./Drivers/STM32L4xx_HAL_Driver/Src/stm32l4xx_hal_adc.o
LOAD ./Drivers/STM32L4xx_HAL_Driver/Src/stm32l4xx_hal_adc_ex.o
LOAD ./Drivers/STM32L4xx_HAL_Driver/Src/stm32l4xx_hal_cortex.o
LOAD ./Drivers/STM32L4xx_HAL_Driver/Src/stm32l4xx_hal_dma.o
LOAD ./Drivers/STM32L4xx_HAL_Driver/Src/stm32l4xx_hal_dma_ex.o
LOAD ./Drivers/STM32L4xx_HAL_Driver/Src/stm32l4xx_hal_exti.o
LOAD ./Drivers/STM32L4xx_HAL_Driver/Src/stm32l4xx_hal_flash.o
LOAD ./Drivers/STM32L4xx_HAL_Driver/Src/stm32l4xx_hal_flash_ex.o
LOAD ./Drivers/STM32L4xx_HAL_Driver/Src/stm32l4xx_hal_flash_ramfunc.o
LOAD ./Drivers/STM32L4xx_HAL_Driver/Src/stm32l4xx_hal_gpio.o
LOAD ./Drivers/STM32L4xx_HAL_Driver/Src/stm32l4xx_hal_i2c.o
LOAD ./Drivers/STM32L4xx_HAL_Driver/Src/stm32l4xx_hal_i2c_ex.o
LOAD ./Drivers/STM32L4xx_HAL_Driver/Src/stm32l4xx_hal_pwr.o
LOAD ./Drivers/STM32L4xx_HAL_Driver/Src/stm32l4xx_hal_pwr_ex.o
LOAD ./Drivers/STM32L4xx_HAL_Driver/Src/stm32l4xx_hal_rcc.o
LOAD ./Drivers/STM32L4xx_HAL_Driver/Src/stm32l4xx_hal_rcc_ex.o
LOAD ./Drivers/STM32L4xx_HAL_Driver/Src/stm32l4xx_hal_spi.o
LOAD ./Drivers/STM32L4xx_HAL_Driver/Src/stm32l4xx_hal_spi_ex.o
LOAD ./Drivers/STM32L4xx_HAL_Driver/Src/stm32l4xx_hal_tim.o
LOAD ./Drivers/STM32L4xx_HAL_Driver/Src/stm32l4xx_hal_tim_ex.o
LOAD ./Drivers/STM32L4xx_HAL_Driver/Src/stm32l4xx_hal_uart.o
LOAD ./Drivers/STM32L4xx_HAL_Driver/Src/stm32l4xx_hal_uart_ex.o
START GROUP
LOAD C:/ST/STM32CubeIDE_1.15.0/STM32CubeIDE/plugins/com.st.stm32cube.ide.mcu.externaltools.gnu-tools-for-stm32.12.3.rel1.win32_1.0.100.202403111256/tools/bin/../lib/gcc/arm-none-eabi/12.3.1/../../../../arm-none-eabi/lib/thumb/v7e-m+fp/hard\libc_nano.a
LOAD C:/ST/STM32CubeIDE_1.15.0/STM32CubeIDE/plugins/com.st.stm32cube.ide.mcu.externaltools.gnu-tools-for-stm32.12.3.rel1.win32_1.0.100.202403111256/tools/bin/../lib/gcc/arm-none-eabi/12.3.1/../../../../arm-none-eabi/lib/thumb/v7e-m+fp/hard\libm.a
END GROUP
START GROUP
LOAD C:/ST/STM32CubeIDE_1.15.0/STM32CubeIDE/plugins/com.st.stm32cube.ide.mcu.externaltools.gnu-tools-for-stm32.12.3.rel1.win32_1.0.100.202403111256/tools/bin/../lib/gcc/arm-none-eabi/12.3.1/thumb/v7e-m+fp/hard\libgcc.a
LOAD C:/ST/STM32CubeIDE_1.15.0/STM32CubeIDE/plugins/com.st.stm32cube.ide.mcu.externaltools.gnu-tools-for-stm32.12.3.rel1.win32_1.0.100.202403111256/tools/bin/../lib/gcc/arm-none-eabi/12.3.1/../../../../arm-none-eabi/lib/thumb/v7e-m+fp/hard\libc_nano.a
END GROUP
START GROUP
LOAD C:/ST/STM32CubeIDE_1.15.0/STM32CubeIDE/plugins/com.st.stm32cube.ide.mcu.externaltools.gnu-tools-for-stm32.12.3.rel1.win32_1.0.100.202403111256/tools/bin/../lib/gcc/arm-none-eabi/12.3.1/thumb/v7e-m+fp/hard\libgcc.a
LOAD C:/ST/STM32CubeIDE_1.15.0/STM32CubeIDE/plugins/com.st.stm32cube.ide.mcu.externaltools.gnu-tools-for-stm32.12.3.rel1.win32_1.0.100.202403111256/tools/bin/../lib/gcc/arm-none-eabi/12.3.1/../../../../arm-none-eabi/lib/thumb/v7e-m+fp/hard\libc_nano.a
LOAD C:/ST/STM32CubeIDE_1.15.0/STM32CubeIDE/plugins/com.st.stm32cube.ide.mcu.externaltools.gnu-tools-for-stm32.12.3.rel1.win32_1.0.100.202403111256/tools/bin/../lib/gcc/arm-none-eabi/12.3.1/../../../../arm-none-eabi/lib/thumb/v7e-m+fp/hard\libnosys.a
END GROUP
START GROUP
LOAD C:/ST/STM32CubeIDE_1.15.0/STM32CubeIDE/plugins/com.st.stm32cube.ide.mcu.externaltools.gnu-tools-for-stm32.12.3.rel1.win32_1.0.100.202403111256/tools/bin/../lib/gcc/arm-none-eabi/12.3.1/thumb/v7e-m+fp/hard\libgcc.a
LOAD C:/ST/STM32CubeIDE_1.15.0/STM32CubeIDE/plugins/com.st.stm32cube.ide.mcu.externaltools.gnu-tools-for-stm32.12.3.rel1.win32_1.0.100.202403111256/tools/bin/../lib/gcc/arm-none-eabi/12.3.1/../../../../arm-none-eabi/lib/thumb/v7e-m+fp/hard\libc_nano.a
LOAD C:/ST/STM32CubeIDE_1.15.0/STM32CubeIDE/plugins/com.st.stm32cube.ide.mcu.externaltools.gnu-tools-for-stm32.12.3.rel1.win32_1.0.100.202403111256/tools/bin/../lib/gcc/arm-none-eabi/12.3.1/../../../../arm-none-eabi/lib/thumb/v7e-m+fp/hard\libnosys.a
END GROUP
LOAD C:/ST/STM32CubeIDE_1.15.0/STM32CubeIDE/plugins/com.st.stm32cube.ide.mcu.externaltools.gnu-tools-for-stm32.12.3.rel1.win32_1.0.100.202403111256/tools/bin/../lib/gcc/arm-none-eabi/12.3.1/thumb/v7e-m+fp/hard/crtend.o
LOAD C:/ST/STM32CubeIDE_1.15.0/STM32CubeIDE/plugins/com.st.stm32cube.ide.mcu.externaltools.gnu-tools-for-stm32.12.3.rel1.win32_1.0.100.202403111256/tools/bin/../lib/gcc/arm-none-eabi/12.3.1/thumb/v7e-m+fp/hard/crtn.o
                0x20010000                        _estack = (ORIGIN (RAM) + LENGTH (RAM))
                0x00000200                        _Min_Heap_Size = 0x200
                0x00000400                        _Min_Stack_Size = 0x400

.isr_vector     0x08000000      0x18c
                0x08000000                        . = ALIGN (0x4)
 *(.isr_vector)
 .isr_vector    0x08000000      0x18c ./Core/Startup/startup_stm32l432kcux.o
                0x08000000                g_pfnVectors
                0x0800018c                        . = ALIGN (0x4)

.text           0x08000190     0xf010
                0x08000190                        . = ALIGN (0x4)
 *(.text)
 .text          0x08000190       0x40 C:/ST/STM32CubeIDE_1.15.0/STM32CubeIDE/plugins/com.st.stm32cube.ide.mcu.externaltools.gnu-tools-for-stm32.12.3.rel1.win32_1.0.100.202403111256/tools/bin/../lib/gcc/arm-none-eabi/12.3.1/thumb/v7e-m+fp/hard/crtbegin.o
 .text          0x080001d0       0xa0 C:/ST/STM32CubeIDE_1.15.0/STM32CubeIDE/plugins/com.st.stm32cube.ide.mcu.externaltools.gnu-tools-for-stm32.12.3.rel1.win32_1.0.100.202403111256/tools/bin/../lib/gcc/arm-none-eabi/12.3.1/../../../../arm-none-eabi/lib/thumb/v7e-m+fp/hard\libc_nano.a(libc_a-memchr.o)
                0x080001d0                memchr
 .text          0x08000270      0x378 C:/ST/STM32CubeIDE_1.15.0/STM32CubeIDE/plugins/com.st.stm32cube.ide.mcu.externaltools.gnu-tools-for-stm32.12.3.rel1.win32_1.0.100.202403111256/tools/bin/../lib/gcc/arm-none-eabi/12.3.1/thumb/v7e-m+fp/hard\libgcc.a(_arm_addsubdf3.o)
                0x08000270                __aeabi_drsub
                0x08000278                __aeabi_dsub
                0x08000278                __subdf3
                0x0800027c                __aeabi_dadd
                0x0800027c                __adddf3
                0x080004f4                __floatunsidf
                0x080004f4                __aeabi_ui2d
                0x08000514                __floatsidf
                0x08000514                __aeabi_i2d
                0x08000538                __aeabi_f2d
                0x08000538                __extendsfdf2
                0x0800057c                __floatundidf
                0x0800057c                __aeabi_ul2d
                0x0800058c                __floatdidf
                0x0800058c                __aeabi_l2d
 .text          0x080005e8      0x424 C:/ST/STM32CubeIDE_1.15.0/STM32CubeIDE/plugins/com.st.stm32cube.ide.mcu.externaltools.gnu-tools-for-stm32.12.3.rel1.win32_1.0.100.202403111256/tools/bin/../lib/gcc/arm-none-eabi/12.3.1/thumb/v7e-m+fp/hard\libgcc.a(_arm_muldivdf3.o)
                0x080005e8                __aeabi_dmul
                0x080005e8                __muldf3
                0x0800083c                __divdf3
                0x0800083c                __aeabi_ddiv
 .text          0x08000a0c       0xa0 C:/ST/STM32CubeIDE_1.15.0/STM32CubeIDE/plugins/com.st.stm32cube.ide.mcu.externaltools.gnu-tools-for-stm32.12.3.rel1.win32_1.0.100.202403111256/tools/bin/../lib/gcc/arm-none-eabi/12.3.1/thumb/v7e-m+fp/hard\libgcc.a(_arm_truncdfsf2.o)
                0x08000a0c                __truncdfsf2
                0x08000a0c                __aeabi_d2f
 .text          0x08000aac       0xa0 C:/ST/STM32CubeIDE_1.15.0/STM32CubeIDE/plugins/com.st.stm32cube.ide.mcu.externaltools.gnu-tools-for-stm32.12.3.rel1.win32_1.0.100.202403111256/tools/bin/../lib/gcc/arm-none-eabi/12.3.1/thumb/v7e-m+fp/hard\libgcc.a(_aeabi_ldivmod.o)
                0x08000aac                __aeabi_ldivmod
 .text          0x08000b4c       0x30 C:/ST/STM32CubeIDE_1.15.0/STM32CubeIDE/plugins/com.st.stm32cube.ide.mcu.externaltools.gnu-tools-for-stm32.12.3.rel1.win32_1.0.100.202403111256/tools/bin/../lib/gcc/arm-none-eabi/12.3.1/thumb/v7e-m+fp/hard\libgcc.a(_aeabi_uldivmod.o)
                0x08000b4c                __aeabi_uldivmod
 .text          0x08000b7c      0x2bc C:/ST/STM32CubeIDE_1.15.0/STM32CubeIDE/plugins/com.st.stm32cube.ide.mcu.externaltools.gnu-tools-for-stm32.12.3.rel1.win32_1.0.100.202403111256/tools/bin/../lib/gcc/arm-none-eabi/12.3.1/thumb/v7e-m+fp/hard\libgcc.a(_udivmoddi4.o)
                0x08000b7c                __udivmoddi4
 .text          0x08000e38        0x4 C:/ST/STM32CubeIDE_1.15.0/STM32CubeIDE/plugins/com.st.stm32cube.ide.mcu.externaltools.gnu-tools-for-stm32.12.3.rel1.win32_1.0.100.202403111256/tools/bin/../lib/gcc/arm-none-eabi/12.3.1/thumb/v7e-m+fp/hard\libgcc.a(_dvmd_tls.o)
                0x08000e38                __aeabi_idiv0
                0x08000e38                __aeabi_ldiv0
 *(.text*)
 .text.MX_ADC1_Init
                0x08000e3c       0xc8 ./Core/Src/adc.o
                0x08000e3c                MX_ADC1_Init
 .text.HAL_ADC_MspInit
                0x08000f04       0xbc ./Core/Src/adc.o
                0x08000f04                HAL_ADC_MspInit
 .text.aesroundkeys
                0x08000fc0       0xf8 ./Core/Src/aes.o
 .text.os_aes   0x080010b8      0x988 ./Core/Src/aes.o
                0x080010b8                os_aes
 .text.cayenne_lpp_reset
                0x08001a40       0x24 ./Core/Src/cayenne_lpp.o
                0x08001a40                cayenne_lpp_reset
 .text.cayenne_lpp_add_temperature
                0x08001a64       0xbc ./Core/Src/cayenne_lpp.o
                0x08001a64                cayenne_lpp_add_temperature
 .text.getBuffer
                0x08001b20       0x16 ./Core/Src/cayenne_lpp.o
                0x08001b20                getBuffer
 *fill*         0x08001b36        0x2 
 .text.debug_init
                0x08001b38       0x14 ./Core/Src/debug.o
                0x08001b38                debug_init
 .text.debug_led
                0x08001b4c       0x24 ./Core/Src/debug.o
                0x08001b4c                debug_led
 .text.debug_char
                0x08001b70       0x30 ./Core/Src/debug.o
                0x08001b70                debug_char
 .text.debug_hex
                0x08001ba0       0x38 ./Core/Src/debug.o
                0x08001ba0                debug_hex
 .text.debug_uint
                0x08001bd8       0x3a ./Core/Src/debug.o
                0x08001bd8                debug_uint
 .text.debug_str
                0x08001c12       0x2a ./Core/Src/debug.o
                0x08001c12                debug_str
 .text.debug_val
                0x08001c3c       0x2a ./Core/Src/debug.o
                0x08001c3c                debug_val
 *fill*         0x08001c66        0x2 
 .text.debug_event
                0x08001c68       0x3c ./Core/Src/debug.o
                0x08001c68                debug_event
 .text.MX_GPIO_Init
                0x08001ca4       0xec ./Core/Src/gpio.o
                0x08001ca4                MX_GPIO_Init
 .text.hal_io_init
                0x08001d90        0xe ./Core/Src/hal.o
 .text.hal_pin_rxtx
                0x08001d9e       0x16 ./Core/Src/hal.o
                0x08001d9e                hal_pin_rxtx
 .text.hal_pin_nss
                0x08001db4       0x22 ./Core/Src/hal.o
                0x08001db4                hal_pin_nss
 .text.hal_pin_rst
                0x08001dd6       0x6a ./Core/Src/hal.o
                0x08001dd6                hal_pin_rst
 .text.HAL_GPIO_EXTI_Callback
                0x08001e40       0x2a ./Core/Src/hal.o
                0x08001e40                HAL_GPIO_EXTI_Callback
 .text.hal_spi_init
                0x08001e6a        0xe ./Core/Src/hal.o
                0x08001e6a                hal_spi_init
 .text.hal_spi  0x08001e78       0x3c ./Core/Src/hal.o
                0x08001e78                hal_spi
 .text.hal_time_init
                0x08001eb4        0xe ./Core/Src/hal.o
 *fill*         0x08001ec2        0x2 
 .text.hal_ticks
                0x08001ec4       0x60 ./Core/Src/hal.o
                0x08001ec4                hal_ticks
 .text.deltaticks
                0x08001f24       0x3a ./Core/Src/hal.o
 .text.hal_waitUntil
                0x08001f5e       0x20 ./Core/Src/hal.o
                0x08001f5e                hal_waitUntil
 *fill*         0x08001f7e        0x2 
 .text.hal_checkTimer
                0x08001f80       0x7c ./Core/Src/hal.o
                0x08001f80                hal_checkTimer
 .text.HAL_TIM_PeriodElapsedCallback
                0x08001ffc       0x34 ./Core/Src/hal.o
                0x08001ffc                HAL_TIM_PeriodElapsedCallback
 .text.hal_disableIRQs
                0x08002030       0x20 ./Core/Src/hal.o
                0x08002030                hal_disableIRQs
 .text.hal_enableIRQs
                0x08002050       0x28 ./Core/Src/hal.o
                0x08002050                hal_enableIRQs
 .text.hal_sleep
                0x08002078       0x10 ./Core/Src/hal.o
                0x08002078                hal_sleep
 .text.hal_init
                0x08002088       0x2c ./Core/Src/hal.o
                0x08002088                hal_init
 .text.hal_failed
                0x080020b4       0x10 ./Core/Src/hal.o
                0x080020b4                hal_failed
 .text.MX_I2C1_Init
                0x080020c4       0x80 ./Core/Src/i2c.o
                0x080020c4                MX_I2C1_Init
 .text.HAL_I2C_MspInit
                0x08002144       0xb0 ./Core/Src/i2c.o
                0x08002144                HAL_I2C_MspInit
 .text.getSf    0x080021f4       0x20 ./Core/Src/lmic.o
                0x080021f4                getSf
 .text.getBw    0x08002214       0x24 ./Core/Src/lmic.o
                0x08002214                getBw
 .text.getCr    0x08002238       0x24 ./Core/Src/lmic.o
                0x08002238                getCr
 .text.setCr    0x0800225c       0x32 ./Core/Src/lmic.o
                0x0800225c                setCr
 .text.getNocrc
                0x0800228e       0x20 ./Core/Src/lmic.o
                0x0800228e                getNocrc
 .text.setNocrc
                0x080022ae       0x2e ./Core/Src/lmic.o
                0x080022ae                setNocrc
 .text.getIh    0x080022dc       0x1e ./Core/Src/lmic.o
                0x080022dc                getIh
 .text.setIh    0x080022fa       0x2c ./Core/Src/lmic.o
                0x080022fa                setIh
 *fill*         0x08002326        0x2 
 .text.updr2rps
                0x08002328       0x24 ./Core/Src/lmic.o
                0x08002328                updr2rps
 .text.dndr2rps
                0x0800234c       0x26 ./Core/Src/lmic.o
                0x0800234c                dndr2rps
 *fill*         0x08002372        0x2 
 .text.decDR    0x08002374       0x30 ./Core/Src/lmic.o
                0x08002374                decDR
 .text.validDR  0x080023a4       0x2c ./Core/Src/lmic.o
                0x080023a4                validDR
 .text.lowerDR  0x080023d0       0x32 ./Core/Src/lmic.o
                0x080023d0                lowerDR
 .text.os_rlsbf2
                0x08002402       0x2a ./Core/Src/lmic.o
                0x08002402                os_rlsbf2
 .text.os_rlsbf4
                0x0800242c       0x3a ./Core/Src/lmic.o
                0x0800242c                os_rlsbf4
 .text.os_rmsbf4
                0x08002466       0x3a ./Core/Src/lmic.o
                0x08002466                os_rmsbf4
 .text.os_wlsbf2
                0x080024a0       0x2e ./Core/Src/lmic.o
                0x080024a0                os_wlsbf2
 .text.os_wlsbf4
                0x080024ce       0x42 ./Core/Src/lmic.o
                0x080024ce                os_wlsbf4
 .text.os_wmsbf4
                0x08002510       0x42 ./Core/Src/lmic.o
                0x08002510                os_wmsbf4
 .text.os_getBattLevel
                0x08002552       0x10 ./Core/Src/lmic.o
                0x08002552                os_getBattLevel
 .text.os_crc16
                0x08002562       0x7e ./Core/Src/lmic.o
                0x08002562                os_crc16
 .text.micB0    0x080025e0       0x68 ./Core/Src/lmic.o
 .text.aes_verifyMic
                0x08002648       0x58 ./Core/Src/lmic.o
 .text.aes_appendMic
                0x080026a0       0x50 ./Core/Src/lmic.o
 .text.aes_appendMic0
                0x080026f0       0x3c ./Core/Src/lmic.o
 .text.aes_verifyMic0
                0x0800272c       0x44 ./Core/Src/lmic.o
 .text.aes_encrypt
                0x08002770       0x2c ./Core/Src/lmic.o
 .text.aes_cipher
                0x0800279c       0x88 ./Core/Src/lmic.o
 .text.aes_sessKeys
                0x08002824       0x78 ./Core/Src/lmic.o
 .text.getSensitivity
                0x0800289c       0x40 ./Core/Src/lmic.o
                0x0800289c                getSensitivity
 .text.calcAirTime
                0x080028dc      0x130 ./Core/Src/lmic.o
                0x080028dc                calcAirTime
 .text.calcRxWindow
                0x08002a0c       0xa8 ./Core/Src/lmic.o
 .text.calcBcnRxWindowFromMillis
                0x08002ab4      0x10c ./Core/Src/lmic.o
 .text.rxschedInit
                0x08002bc0       0xdc ./Core/Src/lmic.o
 .text.rxschedNext
                0x08002c9c       0x9c ./Core/Src/lmic.o
 .text.rndDelay
                0x08002d38       0x7c ./Core/Src/lmic.o
 .text.txDelay  0x08002db4       0x5c ./Core/Src/lmic.o
 .text.setDrJoin
                0x08002e10       0x28 ./Core/Src/lmic.o
 .text.setDrTxpow
                0x08002e38       0x5c ./Core/Src/lmic.o
 .text.initDefaultChannels
                0x08002e94      0x10c ./Core/Src/lmic.o
 .text.LMIC_setupChannel
                0x08002fa0       0xf4 ./Core/Src/lmic.o
                0x08002fa0                LMIC_setupChannel
 .text.convFreq
                0x08003094       0x44 ./Core/Src/lmic.o
 .text.mapChannels
                0x080030d8       0x94 ./Core/Src/lmic.o
 .text.updateTx
                0x0800316c       0x94 ./Core/Src/lmic.o
 .text.nextTx   0x08003200      0x138 ./Core/Src/lmic.o
 .text.setBcnRxParams
                0x08003338       0x4c ./Core/Src/lmic.o
 .text.initJoinLoop
                0x08003384       0x6c ./Core/Src/lmic.o
 .text.nextJoinState
                0x080033f0       0xd0 ./Core/Src/lmic.o
 .text.runEngineUpdate
                0x080034c0       0x14 ./Core/Src/lmic.o
 .text.reportEvent
                0x080034d4       0x1e ./Core/Src/lmic.o
 .text.runReset
                0x080034f2       0x1e ./Core/Src/lmic.o
 .text.stateJustJoined
                0x08003510       0xcc ./Core/Src/lmic.o
 .text.decodeBeacon
                0x080035dc      0x128 ./Core/Src/lmic.o
 .text.decodeFrame
                0x08003704      0x66c ./Core/Src/lmic.o
 .text.setupRx2
                0x08003d70       0x40 ./Core/Src/lmic.o
 .text.schedRx2
                0x08003db0       0x50 ./Core/Src/lmic.o
 .text.setupRx1
                0x08003e00       0x44 ./Core/Src/lmic.o
 .text.txDone   0x08003e44       0xa4 ./Core/Src/lmic.o
 .text.onJoinFailed
                0x08003ee8       0x16 ./Core/Src/lmic.o
 *fill*         0x08003efe        0x2 
 .text.processJoinAccept
                0x08003f00      0x294 ./Core/Src/lmic.o
 .text.processRx2Jacc
                0x08004194       0x2c ./Core/Src/lmic.o
 .text.setupRx2Jacc
                0x080041c0       0x24 ./Core/Src/lmic.o
 .text.processRx1Jacc
                0x080041e4       0x38 ./Core/Src/lmic.o
 .text.setupRx1Jacc
                0x0800421c       0x1c ./Core/Src/lmic.o
 .text.jreqDone
                0x08004238       0x20 ./Core/Src/lmic.o
 .text.processRx2DnDataDelay
                0x08004258       0x14 ./Core/Src/lmic.o
 .text.processRx2DnData
                0x0800426c       0x54 ./Core/Src/lmic.o
 .text.setupRx2DnData
                0x080042c0       0x24 ./Core/Src/lmic.o
 .text.processRx1DnData
                0x080042e4       0x48 ./Core/Src/lmic.o
 .text.setupRx1DnData
                0x0800432c       0x1c ./Core/Src/lmic.o
 .text.updataDone
                0x08004348       0x30 ./Core/Src/lmic.o
 .text.buildDataFrame
                0x08004378      0x3cc ./Core/Src/lmic.o
 .text.onBcnRx  0x08004744       0xa8 ./Core/Src/lmic.o
 .text.startScan
                0x080047ec       0xb0 ./Core/Src/lmic.o
 .text.buildJoinRequest
                0x0800489c       0x6c ./Core/Src/lmic.o
 .text.startJoining
                0x08004908       0x16 ./Core/Src/lmic.o
 *fill*         0x0800491e        0x2 
 .text.LMIC_startJoining
                0x08004920       0x94 ./Core/Src/lmic.o
                0x08004920                LMIC_startJoining
 .text.processPingRx
                0x080049b4       0x3c ./Core/Src/lmic.o
 .text.processDnData
                0x080049f0      0x1e8 ./Core/Src/lmic.o
 .text.processBeacon
                0x08004bd8      0x218 ./Core/Src/lmic.o
 .text.startRxBcn
                0x08004df0       0x24 ./Core/Src/lmic.o
 .text.startRxPing
                0x08004e14       0x24 ./Core/Src/lmic.o
 .text.engineUpdate
                0x08004e38      0x394 ./Core/Src/lmic.o
 .text.LMIC_reset
                0x080051cc       0x9c ./Core/Src/lmic.o
                0x080051cc                LMIC_reset
 .text.LMIC_init
                0x08005268       0x1c ./Core/Src/lmic.o
                0x08005268                LMIC_init
 .text.LMIC_setTxData
                0x08005284       0x38 ./Core/Src/lmic.o
                0x08005284                LMIC_setTxData
 .text.LMIC_setTxData2
                0x080052bc       0x64 ./Core/Src/lmic.o
                0x080052bc                LMIC_setTxData2
 .text.os_getArtEui
                0x08005320       0x28 ./Core/Src/main.o
                0x08005320                os_getArtEui
 .text.os_getDevEui
                0x08005348       0x28 ./Core/Src/main.o
                0x08005348                os_getDevEui
 .text.os_getDevKey
                0x08005370       0x28 ./Core/Src/main.o
                0x08005370                os_getDevKey
 .text.initsensor
                0x08005398       0x14 ./Core/Src/main.o
                0x08005398                initsensor
 .text.initfunc
                0x080053ac       0x1c ./Core/Src/main.o
                0x080053ac                initfunc
 .text.reportfunc
                0x080053c8       0x9c ./Core/Src/main.o
 .text.onEvent  0x08005464      0x17c ./Core/Src/main.o
                0x08005464                onEvent
 .text.main     0x080055e0       0x64 ./Core/Src/main.o
                0x080055e0                main
 .text.SystemClock_Config
                0x08005644       0xa2 ./Core/Src/main.o
                0x08005644                SystemClock_Config
 .text.Error_Handler
                0x080056e6        0xc ./Core/Src/main.o
                0x080056e6                Error_Handler
 *fill*         0x080056f2        0x2 
 .text.os_init  0x080056f4       0x24 ./Core/Src/oslmic.o
                0x080056f4                os_init
 .text.os_getTime
                0x08005718        0xe ./Core/Src/oslmic.o
                0x08005718                os_getTime
 .text.unlinkjob
                0x08005726       0x3e ./Core/Src/oslmic.o
 .text.os_clearCallback
                0x08005764       0x3c ./Core/Src/oslmic.o
                0x08005764                os_clearCallback
 .text.os_setCallback
                0x080057a0       0x4c ./Core/Src/oslmic.o
                0x080057a0                os_setCallback
 .text.os_setTimedCallback
                0x080057ec       0x6c ./Core/Src/oslmic.o
                0x080057ec                os_setTimedCallback
 .text.os_runloop
                0x08005858       0x6c ./Core/Src/oslmic.o
                0x08005858                os_runloop
 .text.writeReg
                0x080058c4       0x3a ./Core/Src/radio.o
 .text.readReg  0x080058fe       0x38 ./Core/Src/radio.o
 .text.writeBuf
                0x08005936       0x54 ./Core/Src/radio.o
 .text.readBuf  0x0800598a       0x56 ./Core/Src/radio.o
 .text.opmode   0x080059e0       0x34 ./Core/Src/radio.o
 .text.opmodeLora
                0x08005a14       0x24 ./Core/Src/radio.o
 .text.opmodeFSK
                0x08005a38       0x24 ./Core/Src/radio.o
 .text.configLoraModem
                0x08005a5c      0x15c ./Core/Src/radio.o
 .text.configChannel
                0x08005bb8       0x7c ./Core/Src/radio.o
 .text.configPower
                0x08005c34       0x60 ./Core/Src/radio.o
 .text.txfsk    0x08005c94       0xdc ./Core/Src/radio.o
 .text.txlora   0x08005d70       0xb4 ./Core/Src/radio.o
 .text.starttx  0x08005e24       0x3c ./Core/Src/radio.o
 .text.rxlora   0x08005e60       0xf8 ./Core/Src/radio.o
 .text.rxfsk    0x08005f58       0xe0 ./Core/Src/radio.o
 .text.startrx  0x08006038       0x4c ./Core/Src/radio.o
 .text.radio_init
                0x08006084       0xe8 ./Core/Src/radio.o
                0x08006084                radio_init
 .text.radio_rand1
                0x0800616c       0x4c ./Core/Src/radio.o
                0x0800616c                radio_rand1
 .text.radio_irq_handler
                0x080061b8      0x1ac ./Core/Src/radio.o
                0x080061b8                radio_irq_handler
 .text.os_radio
                0x08006364       0x58 ./Core/Src/radio.o
                0x08006364                os_radio
 .text.MX_SPI3_Init
                0x080063bc       0x7c ./Core/Src/spi.o
                0x080063bc                MX_SPI3_Init
 .text.HAL_SPI_MspInit
                0x08006438       0x88 ./Core/Src/spi.o
                0x08006438                HAL_SPI_MspInit
 .text.HAL_MspInit
                0x080064c0       0x48 ./Core/Src/stm32l4xx_hal_msp.o
                0x080064c0                HAL_MspInit
 .text.NMI_Handler
                0x08006508        0x8 ./Core/Src/stm32l4xx_it.o
                0x08006508                NMI_Handler
 .text.HardFault_Handler
                0x08006510        0x8 ./Core/Src/stm32l4xx_it.o
                0x08006510                HardFault_Handler
 .text.MemManage_Handler
                0x08006518        0x8 ./Core/Src/stm32l4xx_it.o
                0x08006518                MemManage_Handler
 .text.BusFault_Handler
                0x08006520        0x8 ./Core/Src/stm32l4xx_it.o
                0x08006520                BusFault_Handler
 .text.UsageFault_Handler
                0x08006528        0x8 ./Core/Src/stm32l4xx_it.o
                0x08006528                UsageFault_Handler
 .text.SVC_Handler
                0x08006530        0xe ./Core/Src/stm32l4xx_it.o
                0x08006530                SVC_Handler
 .text.DebugMon_Handler
                0x0800653e        0xe ./Core/Src/stm32l4xx_it.o
                0x0800653e                DebugMon_Handler
 .text.PendSV_Handler
                0x0800654c        0xe ./Core/Src/stm32l4xx_it.o
                0x0800654c                PendSV_Handler
 .text.SysTick_Handler
                0x0800655a        0xc ./Core/Src/stm32l4xx_it.o
                0x0800655a                SysTick_Handler
 *fill*         0x08006566        0x2 
 .text.ADC1_IRQHandler
                0x08006568       0x14 ./Core/Src/stm32l4xx_it.o
                0x08006568                ADC1_IRQHandler
 .text.EXTI9_5_IRQHandler
                0x0800657c       0x14 ./Core/Src/stm32l4xx_it.o
                0x0800657c                EXTI9_5_IRQHandler
 .text.TIM7_IRQHandler
                0x08006590       0x14 ./Core/Src/stm32l4xx_it.o
                0x08006590                TIM7_IRQHandler
 .text._getpid  0x080065a4       0x10 ./Core/Src/syscalls.o
                0x080065a4                _getpid
 .text._kill    0x080065b4       0x20 ./Core/Src/syscalls.o
                0x080065b4                _kill
 .text._exit    0x080065d4       0x16 ./Core/Src/syscalls.o
                0x080065d4                _exit
 .text._read    0x080065ea       0x3a ./Core/Src/syscalls.o
                0x080065ea                _read
 .text._write   0x08006624       0x38 ./Core/Src/syscalls.o
                0x08006624                _write
 .text._close   0x0800665c       0x18 ./Core/Src/syscalls.o
                0x0800665c                _close
 .text._fstat   0x08006674       0x20 ./Core/Src/syscalls.o
                0x08006674                _fstat
 .text._isatty  0x08006694       0x16 ./Core/Src/syscalls.o
                0x08006694                _isatty
 .text._lseek   0x080066aa       0x1a ./Core/Src/syscalls.o
                0x080066aa                _lseek
 .text._sbrk    0x080066c4       0x6c ./Core/Src/sysmem.o
                0x080066c4                _sbrk
 .text.SystemInit
                0x08006730       0x24 ./Core/Src/system_stm32l4xx.o
                0x08006730                SystemInit
 .text.MX_TIM7_Init
                0x08006754       0x70 ./Core/Src/tim.o
                0x08006754                MX_TIM7_Init
 .text.HAL_TIM_Base_MspInit
                0x080067c4       0x4c ./Core/Src/tim.o
                0x080067c4                HAL_TIM_Base_MspInit
 .text.MX_USART2_UART_Init
                0x08006810       0x60 ./Core/Src/usart.o
                0x08006810                MX_USART2_UART_Init
 .text.HAL_UART_MspInit
                0x08006870       0xb0 ./Core/Src/usart.o
                0x08006870                HAL_UART_MspInit
 .text.bme68x_init
                0x08006920       0x68 ./Core/Src/bme680/bme68x.o
                0x08006920                bme68x_init
 .text.bme68x_set_regs
                0x08006988      0x120 ./Core/Src/bme680/bme68x.o
                0x08006988                bme68x_set_regs
 .text.bme68x_get_regs
                0x08006aa8       0x88 ./Core/Src/bme680/bme68x.o
                0x08006aa8                bme68x_get_regs
 .text.bme68x_soft_reset
                0x08006b30       0x86 ./Core/Src/bme680/bme68x.o
                0x08006b30                bme68x_soft_reset
 *fill*         0x08006bb6        0x2 
 .text.bme68x_set_conf
                0x08006bb8      0x208 ./Core/Src/bme680/bme68x.o
                0x08006bb8                bme68x_set_conf
 .text.bme68x_set_op_mode
                0x08006dc0       0xc2 ./Core/Src/bme680/bme68x.o
                0x08006dc0                bme68x_set_op_mode
 .text.bme68x_get_op_mode
                0x08006e82       0x40 ./Core/Src/bme680/bme68x.o
                0x08006e82                bme68x_get_op_mode
 *fill*         0x08006ec2        0x2 
 .text.bme68x_get_meas_dur
                0x08006ec4       0xe8 ./Core/Src/bme680/bme68x.o
                0x08006ec4                bme68x_get_meas_dur
 .text.bme68x_get_data
                0x08006fac      0x1fc ./Core/Src/bme680/bme68x.o
                0x08006fac                bme68x_get_data
 .text.bme68x_set_heatr_conf
                0x080071a8      0x110 ./Core/Src/bme680/bme68x.o
                0x080071a8                bme68x_set_heatr_conf
 .text.calc_temperature
                0x080072b8      0x10c ./Core/Src/bme680/bme68x.o
 .text.calc_pressure
                0x080073c4      0x284 ./Core/Src/bme680/bme68x.o
 .text.calc_humidity
                0x08007648      0x198 ./Core/Src/bme680/bme68x.o
 .text.calc_gas_resistance_low
                0x080077e0      0x144 ./Core/Src/bme680/bme68x.o
 .text.calc_gas_resistance_high
                0x08007924       0x74 ./Core/Src/bme680/bme68x.o
 .text.calc_res_heat
                0x08007998      0x160 ./Core/Src/bme680/bme68x.o
 .text.calc_gas_wait
                0x08007af8       0x4a ./Core/Src/bme680/bme68x.o
 .text.read_field_data
                0x08007b42      0x288 ./Core/Src/bme680/bme68x.o
 .text.read_all_field_data
                0x08007dca      0x458 ./Core/Src/bme680/bme68x.o
 .text.set_mem_page
                0x08008222       0xca ./Core/Src/bme680/bme68x.o
 .text.get_mem_page
                0x080082ec       0x5e ./Core/Src/bme680/bme68x.o
 .text.boundary_check
                0x0800834a       0x5a ./Core/Src/bme680/bme68x.o
 .text.null_ptr_check
                0x080083a4       0x3e ./Core/Src/bme680/bme68x.o
 *fill*         0x080083e2        0x2 
 .text.set_conf
                0x080083e4      0x2ac ./Core/Src/bme680/bme68x.o
 .text.calc_heatr_dur_shared
                0x08008690       0x6c ./Core/Src/bme680/bme68x.o
 .text.sort_sensor_data
                0x080086fc       0xac ./Core/Src/bme680/bme68x.o
 .text.swap_fields
                0x080087a8       0x48 ./Core/Src/bme680/bme68x.o
 .text.get_calib_data
                0x080087f0      0x208 ./Core/Src/bme680/bme68x.o
 .text.read_variant_id
                0x080089f8       0x3a ./Core/Src/bme680/bme68x.o
 *fill*         0x08008a32        0x2 
 .text.bme68x_start
                0x08008a34       0xa0 ./Core/Src/bme680/bme68x_necessary_functions.o
                0x08008a34                bme68x_start
 .text.bme68x_single_measure
                0x08008ad4       0x7c ./Core/Src/bme680/bme68x_necessary_functions.o
                0x08008ad4                bme68x_single_measure
 .text.bme68x_i2c_write
                0x08008b50       0x50 ./Core/Src/bme680/bme68x_necessary_functions.o
                0x08008b50                bme68x_i2c_write
 .text.bme68x_i2c_read
                0x08008ba0       0x58 ./Core/Src/bme680/bme68x_necessary_functions.o
                0x08008ba0                bme68x_i2c_read
 .text.bme68x_delay_us
                0x08008bf8       0x28 ./Core/Src/bme680/bme68x_necessary_functions.o
                0x08008bf8                bme68x_delay_us
 .text.bme68x_interface_init
                0x08008c20       0x94 ./Core/Src/bme680/bme68x_necessary_functions.o
                0x08008c20                bme68x_interface_init
 .text.bme68x_GetGasReference
                0x08008cb4       0x6c ./Core/Src/bme680/bme68x_necessary_functions.o
                0x08008cb4                bme68x_GetGasReference
 .text.bme68x_GetHumidityScore
                0x08008d20      0x178 ./Core/Src/bme680/bme68x_necessary_functions.o
                0x08008d20                bme68x_GetHumidityScore
 .text.bme68x_GetGasScore
                0x08008e98      0x134 ./Core/Src/bme680/bme68x_necessary_functions.o
                0x08008e98                bme68x_GetGasScore
 .text.bme68x_iaq
                0x08008fcc       0x8c ./Core/Src/bme680/bme68x_necessary_functions.o
                0x08008fcc                bme68x_iaq
 .text.Reset_Handler
                0x08009058       0x50 ./Core/Startup/startup_stm32l432kcux.o
                0x08009058                Reset_Handler
 .text.Default_Handler
                0x080090a8        0x2 ./Core/Startup/startup_stm32l432kcux.o
                0x080090a8                RTC_Alarm_IRQHandler
                0x080090a8                EXTI2_IRQHandler
                0x080090a8                TIM1_CC_IRQHandler
                0x080090a8                TSC_IRQHandler
                0x080090a8                TAMP_STAMP_IRQHandler
                0x080090a8                EXTI3_IRQHandler
                0x080090a8                LPTIM2_IRQHandler
                0x080090a8                I2C3_ER_IRQHandler
                0x080090a8                EXTI0_IRQHandler
                0x080090a8                CAN1_RX0_IRQHandler
                0x080090a8                FPU_IRQHandler
                0x080090a8                TIM1_UP_TIM16_IRQHandler
                0x080090a8                SPI1_IRQHandler
                0x080090a8                TIM6_DAC_IRQHandler
                0x080090a8                DMA2_Channel2_IRQHandler
                0x080090a8                DMA1_Channel4_IRQHandler
                0x080090a8                DMA1_Channel7_IRQHandler
                0x080090a8                CAN1_RX1_IRQHandler
                0x080090a8                DMA2_Channel1_IRQHandler
                0x080090a8                QUADSPI_IRQHandler
                0x080090a8                I2C1_EV_IRQHandler
                0x080090a8                DMA1_Channel6_IRQHandler
                0x080090a8                DMA2_Channel4_IRQHandler
                0x080090a8                RCC_IRQHandler
                0x080090a8                TIM1_TRG_COM_IRQHandler
                0x080090a8                DMA1_Channel1_IRQHandler
                0x080090a8                Default_Handler
                0x080090a8                DMA2_Channel7_IRQHandler
                0x080090a8                EXTI15_10_IRQHandler
                0x080090a8                I2C3_EV_IRQHandler
                0x080090a8                USB_IRQHandler
                0x080090a8                RTC_WKUP_IRQHandler
                0x080090a8                PVD_PVM_IRQHandler
                0x080090a8                CAN1_TX_IRQHandler
                0x080090a8                DMA2_Channel5_IRQHandler
                0x080090a8                CRS_IRQHandler
                0x080090a8                DMA1_Channel5_IRQHandler
                0x080090a8                EXTI4_IRQHandler
                0x080090a8                RNG_IRQHandler
                0x080090a8                DMA1_Channel3_IRQHandler
                0x080090a8                COMP_IRQHandler
                0x080090a8                WWDG_IRQHandler
                0x080090a8                LPUART1_IRQHandler
                0x080090a8                DMA2_Channel6_IRQHandler
                0x080090a8                TIM2_IRQHandler
                0x080090a8                EXTI1_IRQHandler
                0x080090a8                USART2_IRQHandler
                0x080090a8                DMA1_Channel2_IRQHandler
                0x080090a8                CAN1_SCE_IRQHandler
                0x080090a8                FLASH_IRQHandler
                0x080090a8                USART1_IRQHandler
                0x080090a8                SPI3_IRQHandler
                0x080090a8                I2C1_ER_IRQHandler
                0x080090a8                SWPMI1_IRQHandler
                0x080090a8                LPTIM1_IRQHandler
                0x080090a8                SAI1_IRQHandler
                0x080090a8                DMA2_Channel3_IRQHandler
                0x080090a8                TIM1_BRK_TIM15_IRQHandler
 .text.HAL_Init
                0x080090aa       0x30 ./Drivers/STM32L4xx_HAL_Driver/Src/stm32l4xx_hal.o
                0x080090aa                HAL_Init
 *fill*         0x080090da        0x2 
 .text.HAL_InitTick
                0x080090dc       0x78 ./Drivers/STM32L4xx_HAL_Driver/Src/stm32l4xx_hal.o
                0x080090dc                HAL_InitTick
 .text.HAL_IncTick
                0x08009154       0x28 ./Drivers/STM32L4xx_HAL_Driver/Src/stm32l4xx_hal.o
                0x08009154                HAL_IncTick
 .text.HAL_GetTick
                0x0800917c       0x18 ./Drivers/STM32L4xx_HAL_Driver/Src/stm32l4xx_hal.o
                0x0800917c                HAL_GetTick
 .text.HAL_Delay
                0x08009194       0x48 ./Drivers/STM32L4xx_HAL_Driver/Src/stm32l4xx_hal.o
                0x08009194                HAL_Delay
 .text.LL_ADC_SetCommonClock
                0x080091dc       0x26 ./Drivers/STM32L4xx_HAL_Driver/Src/stm32l4xx_hal_adc.o
 .text.LL_ADC_SetCommonPathInternalCh
                0x08009202       0x26 ./Drivers/STM32L4xx_HAL_Driver/Src/stm32l4xx_hal_adc.o
 .text.LL_ADC_GetCommonPathInternalCh
                0x08009228       0x1c ./Drivers/STM32L4xx_HAL_Driver/Src/stm32l4xx_hal_adc.o
 .text.LL_ADC_SetOffset
                0x08009244       0x48 ./Drivers/STM32L4xx_HAL_Driver/Src/stm32l4xx_hal_adc.o
 .text.LL_ADC_GetOffsetChannel
                0x0800928c       0x2c ./Drivers/STM32L4xx_HAL_Driver/Src/stm32l4xx_hal_adc.o
 .text.LL_ADC_SetOffsetState
                0x080092b8       0x36 ./Drivers/STM32L4xx_HAL_Driver/Src/stm32l4xx_hal_adc.o
 .text.LL_ADC_REG_IsTriggerSourceSWStart
                0x080092ee       0x26 ./Drivers/STM32L4xx_HAL_Driver/Src/stm32l4xx_hal_adc.o
 .text.LL_ADC_REG_SetSequencerRanks
                0x08009314       0x58 ./Drivers/STM32L4xx_HAL_Driver/Src/stm32l4xx_hal_adc.o
 .text.LL_ADC_INJ_IsTriggerSourceSWStart
                0x0800936c       0x26 ./Drivers/STM32L4xx_HAL_Driver/Src/stm32l4xx_hal_adc.o
 .text.LL_ADC_SetChannelSamplingTime
                0x08009392       0x56 ./Drivers/STM32L4xx_HAL_Driver/Src/stm32l4xx_hal_adc.o
 .text.LL_ADC_SetChannelSingleDiff
                0x080093e8       0x48 ./Drivers/STM32L4xx_HAL_Driver/Src/stm32l4xx_hal_adc.o
 .text.LL_ADC_DisableDeepPowerDown
                0x08009430       0x24 ./Drivers/STM32L4xx_HAL_Driver/Src/stm32l4xx_hal_adc.o
 .text.LL_ADC_IsDeepPowerDownEnabled
                0x08009454       0x28 ./Drivers/STM32L4xx_HAL_Driver/Src/stm32l4xx_hal_adc.o
 .text.LL_ADC_EnableInternalRegulator
                0x0800947c       0x28 ./Drivers/STM32L4xx_HAL_Driver/Src/stm32l4xx_hal_adc.o
 .text.LL_ADC_IsInternalRegulatorEnabled
                0x080094a4       0x28 ./Drivers/STM32L4xx_HAL_Driver/Src/stm32l4xx_hal_adc.o
 .text.LL_ADC_IsEnabled
                0x080094cc       0x26 ./Drivers/STM32L4xx_HAL_Driver/Src/stm32l4xx_hal_adc.o
 .text.LL_ADC_REG_IsConversionOngoing
                0x080094f2       0x26 ./Drivers/STM32L4xx_HAL_Driver/Src/stm32l4xx_hal_adc.o
 .text.LL_ADC_INJ_IsConversionOngoing
                0x08009518       0x26 ./Drivers/STM32L4xx_HAL_Driver/Src/stm32l4xx_hal_adc.o
 *fill*         0x0800953e        0x2 
 .text.HAL_ADC_Init
                0x08009540      0x284 ./Drivers/STM32L4xx_HAL_Driver/Src/stm32l4xx_hal_adc.o
                0x08009540                HAL_ADC_Init
 .text.HAL_ADC_IRQHandler
                0x080097c4      0x368 ./Drivers/STM32L4xx_HAL_Driver/Src/stm32l4xx_hal_adc.o
                0x080097c4                HAL_ADC_IRQHandler
 .text.HAL_ADC_ConvCpltCallback
                0x08009b2c       0x14 ./Drivers/STM32L4xx_HAL_Driver/Src/stm32l4xx_hal_adc.o
                0x08009b2c                HAL_ADC_ConvCpltCallback
 .text.HAL_ADC_LevelOutOfWindowCallback
                0x08009b40       0x14 ./Drivers/STM32L4xx_HAL_Driver/Src/stm32l4xx_hal_adc.o
                0x08009b40                HAL_ADC_LevelOutOfWindowCallback
 .text.HAL_ADC_ErrorCallback
                0x08009b54       0x14 ./Drivers/STM32L4xx_HAL_Driver/Src/stm32l4xx_hal_adc.o
                0x08009b54                HAL_ADC_ErrorCallback
 .text.HAL_ADC_ConfigChannel
                0x08009b68      0x7c4 ./Drivers/STM32L4xx_HAL_Driver/Src/stm32l4xx_hal_adc.o
                0x08009b68                HAL_ADC_ConfigChannel
 .text.HAL_ADCEx_InjectedConvCpltCallback
                0x0800a32c       0x14 ./Drivers/STM32L4xx_HAL_Driver/Src/stm32l4xx_hal_adc_ex.o
                0x0800a32c                HAL_ADCEx_InjectedConvCpltCallback
 .text.HAL_ADCEx_InjectedQueueOverflowCallback
                0x0800a340       0x14 ./Drivers/STM32L4xx_HAL_Driver/Src/stm32l4xx_hal_adc_ex.o
                0x0800a340                HAL_ADCEx_InjectedQueueOverflowCallback
 .text.HAL_ADCEx_LevelOutOfWindow2Callback
                0x0800a354       0x14 ./Drivers/STM32L4xx_HAL_Driver/Src/stm32l4xx_hal_adc_ex.o
                0x0800a354                HAL_ADCEx_LevelOutOfWindow2Callback
 .text.HAL_ADCEx_LevelOutOfWindow3Callback
                0x0800a368       0x14 ./Drivers/STM32L4xx_HAL_Driver/Src/stm32l4xx_hal_adc_ex.o
                0x0800a368                HAL_ADCEx_LevelOutOfWindow3Callback
 .text.HAL_ADCEx_EndOfSamplingCallback
                0x0800a37c       0x14 ./Drivers/STM32L4xx_HAL_Driver/Src/stm32l4xx_hal_adc_ex.o
                0x0800a37c                HAL_ADCEx_EndOfSamplingCallback
 .text.__NVIC_SetPriorityGrouping
                0x0800a390       0x48 ./Drivers/STM32L4xx_HAL_Driver/Src/stm32l4xx_hal_cortex.o
 .text.__NVIC_GetPriorityGrouping
                0x0800a3d8       0x1c ./Drivers/STM32L4xx_HAL_Driver/Src/stm32l4xx_hal_cortex.o
 .text.__NVIC_EnableIRQ
                0x0800a3f4       0x3c ./Drivers/STM32L4xx_HAL_Driver/Src/stm32l4xx_hal_cortex.o
 .text.__NVIC_SetPriority
                0x0800a430       0x54 ./Drivers/STM32L4xx_HAL_Driver/Src/stm32l4xx_hal_cortex.o
 .text.NVIC_EncodePriority
                0x0800a484       0x66 ./Drivers/STM32L4xx_HAL_Driver/Src/stm32l4xx_hal_cortex.o
 *fill*         0x0800a4ea        0x2 
 .text.SysTick_Config
                0x0800a4ec       0x44 ./Drivers/STM32L4xx_HAL_Driver/Src/stm32l4xx_hal_cortex.o
 .text.HAL_NVIC_SetPriorityGrouping
                0x0800a530       0x16 ./Drivers/STM32L4xx_HAL_Driver/Src/stm32l4xx_hal_cortex.o
                0x0800a530                HAL_NVIC_SetPriorityGrouping
 .text.HAL_NVIC_SetPriority
                0x0800a546       0x38 ./Drivers/STM32L4xx_HAL_Driver/Src/stm32l4xx_hal_cortex.o
                0x0800a546                HAL_NVIC_SetPriority
 .text.HAL_NVIC_EnableIRQ
                0x0800a57e       0x1c ./Drivers/STM32L4xx_HAL_Driver/Src/stm32l4xx_hal_cortex.o
                0x0800a57e                HAL_NVIC_EnableIRQ
 .text.HAL_SYSTICK_Config
                0x0800a59a       0x18 ./Drivers/STM32L4xx_HAL_Driver/Src/stm32l4xx_hal_cortex.o
                0x0800a59a                HAL_SYSTICK_Config
 *fill*         0x0800a5b2        0x2 
 .text.HAL_GPIO_Init
                0x0800a5b4      0x2d4 ./Drivers/STM32L4xx_HAL_Driver/Src/stm32l4xx_hal_gpio.o
                0x0800a5b4                HAL_GPIO_Init
 .text.HAL_GPIO_WritePin
                0x0800a888       0x30 ./Drivers/STM32L4xx_HAL_Driver/Src/stm32l4xx_hal_gpio.o
                0x0800a888                HAL_GPIO_WritePin
 .text.HAL_GPIO_EXTI_IRQHandler
                0x0800a8b8       0x30 ./Drivers/STM32L4xx_HAL_Driver/Src/stm32l4xx_hal_gpio.o
                0x0800a8b8                HAL_GPIO_EXTI_IRQHandler
 .text.HAL_I2C_Init
                0x0800a8e8      0x136 ./Drivers/STM32L4xx_HAL_Driver/Src/stm32l4xx_hal_i2c.o
                0x0800a8e8                HAL_I2C_Init
 *fill*         0x0800aa1e        0x2 
 .text.HAL_I2C_Mem_Write
                0x0800aa20      0x228 ./Drivers/STM32L4xx_HAL_Driver/Src/stm32l4xx_hal_i2c.o
                0x0800aa20                HAL_I2C_Mem_Write
 .text.HAL_I2C_Mem_Read
                0x0800ac48      0x234 ./Drivers/STM32L4xx_HAL_Driver/Src/stm32l4xx_hal_i2c.o
                0x0800ac48                HAL_I2C_Mem_Read
 .text.HAL_I2C_IsDeviceReady
                0x0800ae7c      0x1d8 ./Drivers/STM32L4xx_HAL_Driver/Src/stm32l4xx_hal_i2c.o
                0x0800ae7c                HAL_I2C_IsDeviceReady
 .text.I2C_RequestMemoryWrite
                0x0800b054       0xa8 ./Drivers/STM32L4xx_HAL_Driver/Src/stm32l4xx_hal_i2c.o
 .text.I2C_RequestMemoryRead
                0x0800b0fc       0xa8 ./Drivers/STM32L4xx_HAL_Driver/Src/stm32l4xx_hal_i2c.o
 .text.I2C_Flush_TXDR
                0x0800b1a4       0x48 ./Drivers/STM32L4xx_HAL_Driver/Src/stm32l4xx_hal_i2c.o
 .text.I2C_WaitOnFlagUntilTimeout
                0x0800b1ec       0xb2 ./Drivers/STM32L4xx_HAL_Driver/Src/stm32l4xx_hal_i2c.o
 .text.I2C_WaitOnTXISFlagUntilTimeout
                0x0800b29e       0x8e ./Drivers/STM32L4xx_HAL_Driver/Src/stm32l4xx_hal_i2c.o
 .text.I2C_WaitOnSTOPFlagUntilTimeout
                0x0800b32c       0x86 ./Drivers/STM32L4xx_HAL_Driver/Src/stm32l4xx_hal_i2c.o
 *fill*         0x0800b3b2        0x2 
 .text.I2C_IsErrorOccurred
                0x0800b3b4      0x1c0 ./Drivers/STM32L4xx_HAL_Driver/Src/stm32l4xx_hal_i2c.o
 .text.I2C_TransferConfig
                0x0800b574       0x64 ./Drivers/STM32L4xx_HAL_Driver/Src/stm32l4xx_hal_i2c.o
 .text.HAL_I2CEx_ConfigAnalogFilter
                0x0800b5d8       0x96 ./Drivers/STM32L4xx_HAL_Driver/Src/stm32l4xx_hal_i2c_ex.o
                0x0800b5d8                HAL_I2CEx_ConfigAnalogFilter
 .text.HAL_I2CEx_ConfigDigitalFilter
                0x0800b66e       0x98 ./Drivers/STM32L4xx_HAL_Driver/Src/stm32l4xx_hal_i2c_ex.o
                0x0800b66e                HAL_I2CEx_ConfigDigitalFilter
 *fill*         0x0800b706        0x2 
 .text.HAL_PWREx_GetVoltageRange
                0x0800b708       0x1c ./Drivers/STM32L4xx_HAL_Driver/Src/stm32l4xx_hal_pwr_ex.o
                0x0800b708                HAL_PWREx_GetVoltageRange
 .text.HAL_PWREx_ControlVoltageScaling
                0x0800b724       0xac ./Drivers/STM32L4xx_HAL_Driver/Src/stm32l4xx_hal_pwr_ex.o
                0x0800b724                HAL_PWREx_ControlVoltageScaling
 .text.HAL_RCC_OscConfig
                0x0800b7d0      0x828 ./Drivers/STM32L4xx_HAL_Driver/Src/stm32l4xx_hal_rcc.o
                0x0800b7d0                HAL_RCC_OscConfig
 .text.HAL_RCC_ClockConfig
                0x0800bff8      0x200 ./Drivers/STM32L4xx_HAL_Driver/Src/stm32l4xx_hal_rcc.o
                0x0800bff8                HAL_RCC_ClockConfig
 .text.HAL_RCC_GetSysClockFreq
                0x0800c1f8      0x118 ./Drivers/STM32L4xx_HAL_Driver/Src/stm32l4xx_hal_rcc.o
                0x0800c1f8                HAL_RCC_GetSysClockFreq
 .text.HAL_RCC_GetHCLKFreq
                0x0800c310       0x18 ./Drivers/STM32L4xx_HAL_Driver/Src/stm32l4xx_hal_rcc.o
                0x0800c310                HAL_RCC_GetHCLKFreq
 .text.HAL_RCC_GetPCLK1Freq
                0x0800c328       0x2c ./Drivers/STM32L4xx_HAL_Driver/Src/stm32l4xx_hal_rcc.o
                0x0800c328                HAL_RCC_GetPCLK1Freq
 .text.HAL_RCC_GetPCLK2Freq
                0x0800c354       0x2c ./Drivers/STM32L4xx_HAL_Driver/Src/stm32l4xx_hal_rcc.o
                0x0800c354                HAL_RCC_GetPCLK2Freq
 .text.RCC_SetFlashLatencyFromMSIRange
                0x0800c380       0xc0 ./Drivers/STM32L4xx_HAL_Driver/Src/stm32l4xx_hal_rcc.o
 .text.HAL_RCCEx_PeriphCLKConfig
                0x0800c440      0x3ec ./Drivers/STM32L4xx_HAL_Driver/Src/stm32l4xx_hal_rcc_ex.o
                0x0800c440                HAL_RCCEx_PeriphCLKConfig
 .text.RCCEx_PLLSAI1_Config
                0x0800c82c      0x1e4 ./Drivers/STM32L4xx_HAL_Driver/Src/stm32l4xx_hal_rcc_ex.o
 .text.HAL_SPI_Init
                0x0800ca10      0x146 ./Drivers/STM32L4xx_HAL_Driver/Src/stm32l4xx_hal_spi.o
                0x0800ca10                HAL_SPI_Init
 .text.HAL_SPI_TransmitReceive
                0x0800cb56      0x43e ./Drivers/STM32L4xx_HAL_Driver/Src/stm32l4xx_hal_spi.o
                0x0800cb56                HAL_SPI_TransmitReceive
 .text.SPI_WaitFlagStateUntilTimeout
                0x0800cf94      0x110 ./Drivers/STM32L4xx_HAL_Driver/Src/stm32l4xx_hal_spi.o
 .text.SPI_WaitFifoStateUntilTimeout
                0x0800d0a4      0x12c ./Drivers/STM32L4xx_HAL_Driver/Src/stm32l4xx_hal_spi.o
 .text.SPI_EndRxTxTransaction
                0x0800d1d0       0x8c ./Drivers/STM32L4xx_HAL_Driver/Src/stm32l4xx_hal_spi.o
 .text.HAL_TIM_Base_Init
                0x0800d25c       0xae ./Drivers/STM32L4xx_HAL_Driver/Src/stm32l4xx_hal_tim.o
                0x0800d25c                HAL_TIM_Base_Init
 *fill*         0x0800d30a        0x2 
 .text.HAL_TIM_Base_Start_IT
                0x0800d30c       0xa8 ./Drivers/STM32L4xx_HAL_Driver/Src/stm32l4xx_hal_tim.o
                0x0800d30c                HAL_TIM_Base_Start_IT
 .text.HAL_TIM_IRQHandler
                0x0800d3b4      0x20e ./Drivers/STM32L4xx_HAL_Driver/Src/stm32l4xx_hal_tim.o
                0x0800d3b4                HAL_TIM_IRQHandler
 .text.HAL_TIM_OC_DelayElapsedCallback
                0x0800d5c2       0x14 ./Drivers/STM32L4xx_HAL_Driver/Src/stm32l4xx_hal_tim.o
                0x0800d5c2                HAL_TIM_OC_DelayElapsedCallback
 .text.HAL_TIM_IC_CaptureCallback
                0x0800d5d6       0x14 ./Drivers/STM32L4xx_HAL_Driver/Src/stm32l4xx_hal_tim.o
                0x0800d5d6                HAL_TIM_IC_CaptureCallback
 .text.HAL_TIM_PWM_PulseFinishedCallback
                0x0800d5ea       0x14 ./Drivers/STM32L4xx_HAL_Driver/Src/stm32l4xx_hal_tim.o
                0x0800d5ea                HAL_TIM_PWM_PulseFinishedCallback
 .text.HAL_TIM_TriggerCallback
                0x0800d5fe       0x14 ./Drivers/STM32L4xx_HAL_Driver/Src/stm32l4xx_hal_tim.o
                0x0800d5fe                HAL_TIM_TriggerCallback
 *fill*         0x0800d612        0x2 
 .text.TIM_Base_SetConfig
                0x0800d614       0xe0 ./Drivers/STM32L4xx_HAL_Driver/Src/stm32l4xx_hal_tim.o
                0x0800d614                TIM_Base_SetConfig
 .text.HAL_TIMEx_MasterConfigSynchronization
                0x0800d6f4       0xcc ./Drivers/STM32L4xx_HAL_Driver/Src/stm32l4xx_hal_tim_ex.o
                0x0800d6f4                HAL_TIMEx_MasterConfigSynchronization
 .text.HAL_TIMEx_CommutCallback
                0x0800d7c0       0x14 ./Drivers/STM32L4xx_HAL_Driver/Src/stm32l4xx_hal_tim_ex.o
                0x0800d7c0                HAL_TIMEx_CommutCallback
 .text.HAL_TIMEx_BreakCallback
                0x0800d7d4       0x14 ./Drivers/STM32L4xx_HAL_Driver/Src/stm32l4xx_hal_tim_ex.o
                0x0800d7d4                HAL_TIMEx_BreakCallback
 .text.HAL_TIMEx_Break2Callback
                0x0800d7e8       0x14 ./Drivers/STM32L4xx_HAL_Driver/Src/stm32l4xx_hal_tim_ex.o
                0x0800d7e8                HAL_TIMEx_Break2Callback
 .text.HAL_UART_Init
                0x0800d7fc       0x9c ./Drivers/STM32L4xx_HAL_Driver/Src/stm32l4xx_hal_uart.o
                0x0800d7fc                HAL_UART_Init
 .text.HAL_UART_Transmit
                0x0800d898      0x112 ./Drivers/STM32L4xx_HAL_Driver/Src/stm32l4xx_hal_uart.o
                0x0800d898                HAL_UART_Transmit
 *fill*         0x0800d9aa        0x2 
 .text.UART_SetConfig
                0x0800d9ac      0x458 ./Drivers/STM32L4xx_HAL_Driver/Src/stm32l4xx_hal_uart.o
                0x0800d9ac                UART_SetConfig
 .text.UART_AdvFeatureConfig
                0x0800de04      0x144 ./Drivers/STM32L4xx_HAL_Driver/Src/stm32l4xx_hal_uart.o
                0x0800de04                UART_AdvFeatureConfig
 .text.UART_CheckIdleState
                0x0800df48      0x150 ./Drivers/STM32L4xx_HAL_Driver/Src/stm32l4xx_hal_uart.o
                0x0800df48                UART_CheckIdleState
 .text.UART_WaitOnFlagUntilTimeout
                0x0800e098       0xda ./Drivers/STM32L4xx_HAL_Driver/Src/stm32l4xx_hal_uart.o
                0x0800e098                UART_WaitOnFlagUntilTimeout
 .text.UART_EndRxTransfer
                0x0800e172       0xc8 ./Drivers/STM32L4xx_HAL_Driver/Src/stm32l4xx_hal_uart.o
 *fill*         0x0800e23a        0x2 
 .text.__assert_func
                0x0800e23c       0x3c C:/ST/STM32CubeIDE_1.15.0/STM32CubeIDE/plugins/com.st.stm32cube.ide.mcu.externaltools.gnu-tools-for-stm32.12.3.rel1.win32_1.0.100.202403111256/tools/bin/../lib/gcc/arm-none-eabi/12.3.1/../../../../arm-none-eabi/lib/thumb/v7e-m+fp/hard\libc_nano.a(libc_a-assert.o)
                0x0800e23c                __assert_func
 .text.std      0x0800e278       0x6c C:/ST/STM32CubeIDE_1.15.0/STM32CubeIDE/plugins/com.st.stm32cube.ide.mcu.externaltools.gnu-tools-for-stm32.12.3.rel1.win32_1.0.100.202403111256/tools/bin/../lib/gcc/arm-none-eabi/12.3.1/../../../../arm-none-eabi/lib/thumb/v7e-m+fp/hard\libc_nano.a(libc_a-findfp.o)
 .text.stdio_exit_handler
                0x0800e2e4       0x18 C:/ST/STM32CubeIDE_1.15.0/STM32CubeIDE/plugins/com.st.stm32cube.ide.mcu.externaltools.gnu-tools-for-stm32.12.3.rel1.win32_1.0.100.202403111256/tools/bin/../lib/gcc/arm-none-eabi/12.3.1/../../../../arm-none-eabi/lib/thumb/v7e-m+fp/hard\libc_nano.a(libc_a-findfp.o)
 .text.cleanup_stdio
                0x0800e2fc       0x40 C:/ST/STM32CubeIDE_1.15.0/STM32CubeIDE/plugins/com.st.stm32cube.ide.mcu.externaltools.gnu-tools-for-stm32.12.3.rel1.win32_1.0.100.202403111256/tools/bin/../lib/gcc/arm-none-eabi/12.3.1/../../../../arm-none-eabi/lib/thumb/v7e-m+fp/hard\libc_nano.a(libc_a-findfp.o)
 .text.global_stdio_init.part.0
                0x0800e33c       0x3c C:/ST/STM32CubeIDE_1.15.0/STM32CubeIDE/plugins/com.st.stm32cube.ide.mcu.externaltools.gnu-tools-for-stm32.12.3.rel1.win32_1.0.100.202403111256/tools/bin/../lib/gcc/arm-none-eabi/12.3.1/../../../../arm-none-eabi/lib/thumb/v7e-m+fp/hard\libc_nano.a(libc_a-findfp.o)
 .text.__sfp_lock_acquire
                0x0800e378        0xc C:/ST/STM32CubeIDE_1.15.0/STM32CubeIDE/plugins/com.st.stm32cube.ide.mcu.externaltools.gnu-tools-for-stm32.12.3.rel1.win32_1.0.100.202403111256/tools/bin/../lib/gcc/arm-none-eabi/12.3.1/../../../../arm-none-eabi/lib/thumb/v7e-m+fp/hard\libc_nano.a(libc_a-findfp.o)
                0x0800e378                __sfp_lock_acquire
 .text.__sfp_lock_release
                0x0800e384        0xc C:/ST/STM32CubeIDE_1.15.0/STM32CubeIDE/plugins/com.st.stm32cube.ide.mcu.externaltools.gnu-tools-for-stm32.12.3.rel1.win32_1.0.100.202403111256/tools/bin/../lib/gcc/arm-none-eabi/12.3.1/../../../../arm-none-eabi/lib/thumb/v7e-m+fp/hard\libc_nano.a(libc_a-findfp.o)
                0x0800e384                __sfp_lock_release
 .text.__sinit  0x0800e390       0x30 C:/ST/STM32CubeIDE_1.15.0/STM32CubeIDE/plugins/com.st.stm32cube.ide.mcu.externaltools.gnu-tools-for-stm32.12.3.rel1.win32_1.0.100.202403111256/tools/bin/../lib/gcc/arm-none-eabi/12.3.1/../../../../arm-none-eabi/lib/thumb/v7e-m+fp/hard\libc_nano.a(libc_a-findfp.o)
                0x0800e390                __sinit
 .text.fprintf  0x0800e3c0       0x24 C:/ST/STM32CubeIDE_1.15.0/STM32CubeIDE/plugins/com.st.stm32cube.ide.mcu.externaltools.gnu-tools-for-stm32.12.3.rel1.win32_1.0.100.202403111256/tools/bin/../lib/gcc/arm-none-eabi/12.3.1/../../../../arm-none-eabi/lib/thumb/v7e-m+fp/hard\libc_nano.a(libc_a-fprintf.o)
                0x0800e3c0                fiprintf
                0x0800e3c0                fprintf
 .text._fwalk_sglue
                0x0800e3e4       0x3c C:/ST/STM32CubeIDE_1.15.0/STM32CubeIDE/plugins/com.st.stm32cube.ide.mcu.externaltools.gnu-tools-for-stm32.12.3.rel1.win32_1.0.100.202403111256/tools/bin/../lib/gcc/arm-none-eabi/12.3.1/../../../../arm-none-eabi/lib/thumb/v7e-m+fp/hard\libc_nano.a(libc_a-fwalk.o)
                0x0800e3e4                _fwalk_sglue
 .text.__sread  0x0800e420       0x22 C:/ST/STM32CubeIDE_1.15.0/STM32CubeIDE/plugins/com.st.stm32cube.ide.mcu.externaltools.gnu-tools-for-stm32.12.3.rel1.win32_1.0.100.202403111256/tools/bin/../lib/gcc/arm-none-eabi/12.3.1/../../../../arm-none-eabi/lib/thumb/v7e-m+fp/hard\libc_nano.a(libc_a-stdio.o)
                0x0800e420                __sread
 .text.__swrite
                0x0800e442       0x38 C:/ST/STM32CubeIDE_1.15.0/STM32CubeIDE/plugins/com.st.stm32cube.ide.mcu.externaltools.gnu-tools-for-stm32.12.3.rel1.win32_1.0.100.202403111256/tools/bin/../lib/gcc/arm-none-eabi/12.3.1/../../../../arm-none-eabi/lib/thumb/v7e-m+fp/hard\libc_nano.a(libc_a-stdio.o)
                0x0800e442                __swrite
 .text.__sseek  0x0800e47a       0x24 C:/ST/STM32CubeIDE_1.15.0/STM32CubeIDE/plugins/com.st.stm32cube.ide.mcu.externaltools.gnu-tools-for-stm32.12.3.rel1.win32_1.0.100.202403111256/tools/bin/../lib/gcc/arm-none-eabi/12.3.1/../../../../arm-none-eabi/lib/thumb/v7e-m+fp/hard\libc_nano.a(libc_a-stdio.o)
                0x0800e47a                __sseek
 .text.__sclose
                0x0800e49e        0x8 C:/ST/STM32CubeIDE_1.15.0/STM32CubeIDE/plugins/com.st.stm32cube.ide.mcu.externaltools.gnu-tools-for-stm32.12.3.rel1.win32_1.0.100.202403111256/tools/bin/../lib/gcc/arm-none-eabi/12.3.1/../../../../arm-none-eabi/lib/thumb/v7e-m+fp/hard\libc_nano.a(libc_a-stdio.o)
                0x0800e49e                __sclose
 .text.memset   0x0800e4a6       0x10 C:/ST/STM32CubeIDE_1.15.0/STM32CubeIDE/plugins/com.st.stm32cube.ide.mcu.externaltools.gnu-tools-for-stm32.12.3.rel1.win32_1.0.100.202403111256/tools/bin/../lib/gcc/arm-none-eabi/12.3.1/../../../../arm-none-eabi/lib/thumb/v7e-m+fp/hard\libc_nano.a(libc_a-memset.o)
                0x0800e4a6                memset
 *fill*         0x0800e4b6        0x2 
 .text._close_r
                0x0800e4b8       0x20 C:/ST/STM32CubeIDE_1.15.0/STM32CubeIDE/plugins/com.st.stm32cube.ide.mcu.externaltools.gnu-tools-for-stm32.12.3.rel1.win32_1.0.100.202403111256/tools/bin/../lib/gcc/arm-none-eabi/12.3.1/../../../../arm-none-eabi/lib/thumb/v7e-m+fp/hard\libc_nano.a(libc_a-closer.o)
                0x0800e4b8                _close_r
 .text._lseek_r
                0x0800e4d8       0x24 C:/ST/STM32CubeIDE_1.15.0/STM32CubeIDE/plugins/com.st.stm32cube.ide.mcu.externaltools.gnu-tools-for-stm32.12.3.rel1.win32_1.0.100.202403111256/tools/bin/../lib/gcc/arm-none-eabi/12.3.1/../../../../arm-none-eabi/lib/thumb/v7e-m+fp/hard\libc_nano.a(libc_a-lseekr.o)
                0x0800e4d8                _lseek_r
 .text._read_r  0x0800e4fc       0x24 C:/ST/STM32CubeIDE_1.15.0/STM32CubeIDE/plugins/com.st.stm32cube.ide.mcu.externaltools.gnu-tools-for-stm32.12.3.rel1.win32_1.0.100.202403111256/tools/bin/../lib/gcc/arm-none-eabi/12.3.1/../../../../arm-none-eabi/lib/thumb/v7e-m+fp/hard\libc_nano.a(libc_a-readr.o)
                0x0800e4fc                _read_r
 .text._write_r
                0x0800e520       0x24 C:/ST/STM32CubeIDE_1.15.0/STM32CubeIDE/plugins/com.st.stm32cube.ide.mcu.externaltools.gnu-tools-for-stm32.12.3.rel1.win32_1.0.100.202403111256/tools/bin/../lib/gcc/arm-none-eabi/12.3.1/../../../../arm-none-eabi/lib/thumb/v7e-m+fp/hard\libc_nano.a(libc_a-writer.o)
                0x0800e520                _write_r
 .text.__errno  0x0800e544        0xc C:/ST/STM32CubeIDE_1.15.0/STM32CubeIDE/plugins/com.st.stm32cube.ide.mcu.externaltools.gnu-tools-for-stm32.12.3.rel1.win32_1.0.100.202403111256/tools/bin/../lib/gcc/arm-none-eabi/12.3.1/../../../../arm-none-eabi/lib/thumb/v7e-m+fp/hard\libc_nano.a(libc_a-errno.o)
                0x0800e544                __errno
 .text.__libc_init_array
                0x0800e550       0x48 C:/ST/STM32CubeIDE_1.15.0/STM32CubeIDE/plugins/com.st.stm32cube.ide.mcu.externaltools.gnu-tools-for-stm32.12.3.rel1.win32_1.0.100.202403111256/tools/bin/../lib/gcc/arm-none-eabi/12.3.1/../../../../arm-none-eabi/lib/thumb/v7e-m+fp/hard\libc_nano.a(libc_a-init.o)
                0x0800e550                __libc_init_array
 .text.__retarget_lock_init_recursive
                0x0800e598        0x2 C:/ST/STM32CubeIDE_1.15.0/STM32CubeIDE/plugins/com.st.stm32cube.ide.mcu.externaltools.gnu-tools-for-stm32.12.3.rel1.win32_1.0.100.202403111256/tools/bin/../lib/gcc/arm-none-eabi/12.3.1/../../../../arm-none-eabi/lib/thumb/v7e-m+fp/hard\libc_nano.a(libc_a-lock.o)
                0x0800e598                __retarget_lock_init_recursive
 .text.__retarget_lock_acquire_recursive
                0x0800e59a        0x2 C:/ST/STM32CubeIDE_1.15.0/STM32CubeIDE/plugins/com.st.stm32cube.ide.mcu.externaltools.gnu-tools-for-stm32.12.3.rel1.win32_1.0.100.202403111256/tools/bin/../lib/gcc/arm-none-eabi/12.3.1/../../../../arm-none-eabi/lib/thumb/v7e-m+fp/hard\libc_nano.a(libc_a-lock.o)
                0x0800e59a                __retarget_lock_acquire_recursive
 .text.__retarget_lock_release_recursive
                0x0800e59c        0x2 C:/ST/STM32CubeIDE_1.15.0/STM32CubeIDE/plugins/com.st.stm32cube.ide.mcu.externaltools.gnu-tools-for-stm32.12.3.rel1.win32_1.0.100.202403111256/tools/bin/../lib/gcc/arm-none-eabi/12.3.1/../../../../arm-none-eabi/lib/thumb/v7e-m+fp/hard\libc_nano.a(libc_a-lock.o)
                0x0800e59c                __retarget_lock_release_recursive
 .text.memcpy   0x0800e59e       0x1c C:/ST/STM32CubeIDE_1.15.0/STM32CubeIDE/plugins/com.st.stm32cube.ide.mcu.externaltools.gnu-tools-for-stm32.12.3.rel1.win32_1.0.100.202403111256/tools/bin/../lib/gcc/arm-none-eabi/12.3.1/../../../../arm-none-eabi/lib/thumb/v7e-m+fp/hard\libc_nano.a(libc_a-memcpy-stub.o)
                0x0800e59e                memcpy
 .text.abort    0x0800e5ba        0xe C:/ST/STM32CubeIDE_1.15.0/STM32CubeIDE/plugins/com.st.stm32cube.ide.mcu.externaltools.gnu-tools-for-stm32.12.3.rel1.win32_1.0.100.202403111256/tools/bin/../lib/gcc/arm-none-eabi/12.3.1/../../../../arm-none-eabi/lib/thumb/v7e-m+fp/hard\libc_nano.a(libc_a-abort.o)
                0x0800e5ba                abort
 .text._free_r  0x0800e5c8       0x94 C:/ST/STM32CubeIDE_1.15.0/STM32CubeIDE/plugins/com.st.stm32cube.ide.mcu.externaltools.gnu-tools-for-stm32.12.3.rel1.win32_1.0.100.202403111256/tools/bin/../lib/gcc/arm-none-eabi/12.3.1/../../../../arm-none-eabi/lib/thumb/v7e-m+fp/hard\libc_nano.a(libc_a-freer.o)
                0x0800e5c8                _free_r
 .text.sbrk_aligned
                0x0800e65c       0x44 C:/ST/STM32CubeIDE_1.15.0/STM32CubeIDE/plugins/com.st.stm32cube.ide.mcu.externaltools.gnu-tools-for-stm32.12.3.rel1.win32_1.0.100.202403111256/tools/bin/../lib/gcc/arm-none-eabi/12.3.1/../../../../arm-none-eabi/lib/thumb/v7e-m+fp/hard\libc_nano.a(libc_a-mallocr.o)
 .text._malloc_r
                0x0800e6a0      0x100 C:/ST/STM32CubeIDE_1.15.0/STM32CubeIDE/plugins/com.st.stm32cube.ide.mcu.externaltools.gnu-tools-for-stm32.12.3.rel1.win32_1.0.100.202403111256/tools/bin/../lib/gcc/arm-none-eabi/12.3.1/../../../../arm-none-eabi/lib/thumb/v7e-m+fp/hard\libc_nano.a(libc_a-mallocr.o)
                0x0800e6a0                _malloc_r
 .text.__malloc_lock
                0x0800e7a0        0xc C:/ST/STM32CubeIDE_1.15.0/STM32CubeIDE/plugins/com.st.stm32cube.ide.mcu.externaltools.gnu-tools-for-stm32.12.3.rel1.win32_1.0.100.202403111256/tools/bin/../lib/gcc/arm-none-eabi/12.3.1/../../../../arm-none-eabi/lib/thumb/v7e-m+fp/hard\libc_nano.a(libc_a-mlock.o)
                0x0800e7a0                __malloc_lock
 .text.__malloc_unlock
                0x0800e7ac        0xc C:/ST/STM32CubeIDE_1.15.0/STM32CubeIDE/plugins/com.st.stm32cube.ide.mcu.externaltools.gnu-tools-for-stm32.12.3.rel1.win32_1.0.100.202403111256/tools/bin/../lib/gcc/arm-none-eabi/12.3.1/../../../../arm-none-eabi/lib/thumb/v7e-m+fp/hard\libc_nano.a(libc_a-mlock.o)
                0x0800e7ac                __malloc_unlock
 .text.__sfputc_r
                0x0800e7b8       0x2e C:/ST/STM32CubeIDE_1.15.0/STM32CubeIDE/plugins/com.st.stm32cube.ide.mcu.externaltools.gnu-tools-for-stm32.12.3.rel1.win32_1.0.100.202403111256/tools/bin/../lib/gcc/arm-none-eabi/12.3.1/../../../../arm-none-eabi/lib/thumb/v7e-m+fp/hard\libc_nano.a(libc_a-nano-vfprintf.o)
 .text.__sfputs_r
                0x0800e7e6       0x24 C:/ST/STM32CubeIDE_1.15.0/STM32CubeIDE/plugins/com.st.stm32cube.ide.mcu.externaltools.gnu-tools-for-stm32.12.3.rel1.win32_1.0.100.202403111256/tools/bin/../lib/gcc/arm-none-eabi/12.3.1/../../../../arm-none-eabi/lib/thumb/v7e-m+fp/hard\libc_nano.a(libc_a-nano-vfprintf.o)
                0x0800e7e6                __sfputs_r
 *fill*         0x0800e80a        0x2 
 .text._vfprintf_r
                0x0800e80c      0x230 C:/ST/STM32CubeIDE_1.15.0/STM32CubeIDE/plugins/com.st.stm32cube.ide.mcu.externaltools.gnu-tools-for-stm32.12.3.rel1.win32_1.0.100.202403111256/tools/bin/../lib/gcc/arm-none-eabi/12.3.1/../../../../arm-none-eabi/lib/thumb/v7e-m+fp/hard\libc_nano.a(libc_a-nano-vfprintf.o)
                0x0800e80c                _vfprintf_r
                0x0800e80c                _vfiprintf_r
 .text._printf_common
                0x0800ea3c       0xda C:/ST/STM32CubeIDE_1.15.0/STM32CubeIDE/plugins/com.st.stm32cube.ide.mcu.externaltools.gnu-tools-for-stm32.12.3.rel1.win32_1.0.100.202403111256/tools/bin/../lib/gcc/arm-none-eabi/12.3.1/../../../../arm-none-eabi/lib/thumb/v7e-m+fp/hard\libc_nano.a(libc_a-nano-vfprintf_i.o)
                0x0800ea3c                _printf_common
 *fill*         0x0800eb16        0x2 
 .text._printf_i
                0x0800eb18      0x240 C:/ST/STM32CubeIDE_1.15.0/STM32CubeIDE/plugins/com.st.stm32cube.ide.mcu.externaltools.gnu-tools-for-stm32.12.3.rel1.win32_1.0.100.202403111256/tools/bin/../lib/gcc/arm-none-eabi/12.3.1/../../../../arm-none-eabi/lib/thumb/v7e-m+fp/hard\libc_nano.a(libc_a-nano-vfprintf_i.o)
                0x0800eb18                _printf_i
 .text.__sflush_r
                0x0800ed58      0x108 C:/ST/STM32CubeIDE_1.15.0/STM32CubeIDE/plugins/com.st.stm32cube.ide.mcu.externaltools.gnu-tools-for-stm32.12.3.rel1.win32_1.0.100.202403111256/tools/bin/../lib/gcc/arm-none-eabi/12.3.1/../../../../arm-none-eabi/lib/thumb/v7e-m+fp/hard\libc_nano.a(libc_a-fflush.o)
                0x0800ed58                __sflush_r
 .text._fflush_r
                0x0800ee60       0x50 C:/ST/STM32CubeIDE_1.15.0/STM32CubeIDE/plugins/com.st.stm32cube.ide.mcu.externaltools.gnu-tools-for-stm32.12.3.rel1.win32_1.0.100.202403111256/tools/bin/../lib/gcc/arm-none-eabi/12.3.1/../../../../arm-none-eabi/lib/thumb/v7e-m+fp/hard\libc_nano.a(libc_a-fflush.o)
                0x0800ee60                _fflush_r
 .text.__swbuf_r
                0x0800eeb0       0x7c C:/ST/STM32CubeIDE_1.15.0/STM32CubeIDE/plugins/com.st.stm32cube.ide.mcu.externaltools.gnu-tools-for-stm32.12.3.rel1.win32_1.0.100.202403111256/tools/bin/../lib/gcc/arm-none-eabi/12.3.1/../../../../arm-none-eabi/lib/thumb/v7e-m+fp/hard\libc_nano.a(libc_a-wbuf.o)
                0x0800eeb0                __swbuf_r
 .text.__swsetup_r
                0x0800ef2c       0xac C:/ST/STM32CubeIDE_1.15.0/STM32CubeIDE/plugins/com.st.stm32cube.ide.mcu.externaltools.gnu-tools-for-stm32.12.3.rel1.win32_1.0.100.202403111256/tools/bin/../lib/gcc/arm-none-eabi/12.3.1/../../../../arm-none-eabi/lib/thumb/v7e-m+fp/hard\libc_nano.a(libc_a-wsetup.o)
                0x0800ef2c                __swsetup_r
 .text._raise_r
                0x0800efd8       0x50 C:/ST/STM32CubeIDE_1.15.0/STM32CubeIDE/plugins/com.st.stm32cube.ide.mcu.externaltools.gnu-tools-for-stm32.12.3.rel1.win32_1.0.100.202403111256/tools/bin/../lib/gcc/arm-none-eabi/12.3.1/../../../../arm-none-eabi/lib/thumb/v7e-m+fp/hard\libc_nano.a(libc_a-signal.o)
                0x0800efd8                _raise_r
 .text.raise    0x0800f028       0x10 C:/ST/STM32CubeIDE_1.15.0/STM32CubeIDE/plugins/com.st.stm32cube.ide.mcu.externaltools.gnu-tools-for-stm32.12.3.rel1.win32_1.0.100.202403111256/tools/bin/../lib/gcc/arm-none-eabi/12.3.1/../../../../arm-none-eabi/lib/thumb/v7e-m+fp/hard\libc_nano.a(libc_a-signal.o)
                0x0800f028                raise
 .text._kill_r  0x0800f038       0x24 C:/ST/STM32CubeIDE_1.15.0/STM32CubeIDE/plugins/com.st.stm32cube.ide.mcu.externaltools.gnu-tools-for-stm32.12.3.rel1.win32_1.0.100.202403111256/tools/bin/../lib/gcc/arm-none-eabi/12.3.1/../../../../arm-none-eabi/lib/thumb/v7e-m+fp/hard\libc_nano.a(libc_a-signalr.o)
                0x0800f038                _kill_r
 .text._getpid_r
                0x0800f05c        0x4 C:/ST/STM32CubeIDE_1.15.0/STM32CubeIDE/plugins/com.st.stm32cube.ide.mcu.externaltools.gnu-tools-for-stm32.12.3.rel1.win32_1.0.100.202403111256/tools/bin/../lib/gcc/arm-none-eabi/12.3.1/../../../../arm-none-eabi/lib/thumb/v7e-m+fp/hard\libc_nano.a(libc_a-signalr.o)
                0x0800f05c                _getpid_r
 .text._sbrk_r  0x0800f060       0x20 C:/ST/STM32CubeIDE_1.15.0/STM32CubeIDE/plugins/com.st.stm32cube.ide.mcu.externaltools.gnu-tools-for-stm32.12.3.rel1.win32_1.0.100.202403111256/tools/bin/../lib/gcc/arm-none-eabi/12.3.1/../../../../arm-none-eabi/lib/thumb/v7e-m+fp/hard\libc_nano.a(libc_a-sbrkr.o)
                0x0800f060                _sbrk_r
 .text.__swhatbuf_r
                0x0800f080       0x4c C:/ST/STM32CubeIDE_1.15.0/STM32CubeIDE/plugins/com.st.stm32cube.ide.mcu.externaltools.gnu-tools-for-stm32.12.3.rel1.win32_1.0.100.202403111256/tools/bin/../lib/gcc/arm-none-eabi/12.3.1/../../../../arm-none-eabi/lib/thumb/v7e-m+fp/hard\libc_nano.a(libc_a-makebuf.o)
                0x0800f080                __swhatbuf_r
 .text.__smakebuf_r
                0x0800f0cc       0x78 C:/ST/STM32CubeIDE_1.15.0/STM32CubeIDE/plugins/com.st.stm32cube.ide.mcu.externaltools.gnu-tools-for-stm32.12.3.rel1.win32_1.0.100.202403111256/tools/bin/../lib/gcc/arm-none-eabi/12.3.1/../../../../arm-none-eabi/lib/thumb/v7e-m+fp/hard\libc_nano.a(libc_a-makebuf.o)
                0x0800f0cc                __smakebuf_r
 .text._fstat_r
                0x0800f144       0x24 C:/ST/STM32CubeIDE_1.15.0/STM32CubeIDE/plugins/com.st.stm32cube.ide.mcu.externaltools.gnu-tools-for-stm32.12.3.rel1.win32_1.0.100.202403111256/tools/bin/../lib/gcc/arm-none-eabi/12.3.1/../../../../arm-none-eabi/lib/thumb/v7e-m+fp/hard\libc_nano.a(libc_a-fstatr.o)
                0x0800f144                _fstat_r
 .text._isatty_r
                0x0800f168       0x20 C:/ST/STM32CubeIDE_1.15.0/STM32CubeIDE/plugins/com.st.stm32cube.ide.mcu.externaltools.gnu-tools-for-stm32.12.3.rel1.win32_1.0.100.202403111256/tools/bin/../lib/gcc/arm-none-eabi/12.3.1/../../../../arm-none-eabi/lib/thumb/v7e-m+fp/hard\libc_nano.a(libc_a-isattyr.o)
                0x0800f168                _isatty_r
 *(.glue_7)
 .glue_7        0x0800f188        0x0 linker stubs
 *(.glue_7t)
 .glue_7t       0x0800f188        0x0 linker stubs
 *(.eh_frame)
 .eh_frame      0x0800f188        0x0 C:/ST/STM32CubeIDE_1.15.0/STM32CubeIDE/plugins/com.st.stm32cube.ide.mcu.externaltools.gnu-tools-for-stm32.12.3.rel1.win32_1.0.100.202403111256/tools/bin/../lib/gcc/arm-none-eabi/12.3.1/thumb/v7e-m+fp/hard/crtbegin.o
 *(.init)
 .init          0x0800f188        0x4 C:/ST/STM32CubeIDE_1.15.0/STM32CubeIDE/plugins/com.st.stm32cube.ide.mcu.externaltools.gnu-tools-for-stm32.12.3.rel1.win32_1.0.100.202403111256/tools/bin/../lib/gcc/arm-none-eabi/12.3.1/thumb/v7e-m+fp/hard/crti.o
                0x0800f188                _init
 .init          0x0800f18c        0x8 C:/ST/STM32CubeIDE_1.15.0/STM32CubeIDE/plugins/com.st.stm32cube.ide.mcu.externaltools.gnu-tools-for-stm32.12.3.rel1.win32_1.0.100.202403111256/tools/bin/../lib/gcc/arm-none-eabi/12.3.1/thumb/v7e-m+fp/hard/crtn.o
 *(.fini)
 .fini          0x0800f194        0x4 C:/ST/STM32CubeIDE_1.15.0/STM32CubeIDE/plugins/com.st.stm32cube.ide.mcu.externaltools.gnu-tools-for-stm32.12.3.rel1.win32_1.0.100.202403111256/tools/bin/../lib/gcc/arm-none-eabi/12.3.1/thumb/v7e-m+fp/hard/crti.o
                0x0800f194                _fini
 .fini          0x0800f198        0x8 C:/ST/STM32CubeIDE_1.15.0/STM32CubeIDE/plugins/com.st.stm32cube.ide.mcu.externaltools.gnu-tools-for-stm32.12.3.rel1.win32_1.0.100.202403111256/tools/bin/../lib/gcc/arm-none-eabi/12.3.1/thumb/v7e-m+fp/hard/crtn.o
                0x0800f1a0                        . = ALIGN (0x4)
                0x0800f1a0                        _etext = .

.vfp11_veneer   0x0800f1a0        0x0
 .vfp11_veneer  0x0800f1a0        0x0 linker stubs

.v4_bx          0x0800f1a0        0x0
 .v4_bx         0x0800f1a0        0x0 linker stubs

.iplt           0x0800f1a0        0x0
 .iplt          0x0800f1a0        0x0 C:/ST/STM32CubeIDE_1.15.0/STM32CubeIDE/plugins/com.st.stm32cube.ide.mcu.externaltools.gnu-tools-for-stm32.12.3.rel1.win32_1.0.100.202403111256/tools/bin/../lib/gcc/arm-none-eabi/12.3.1/thumb/v7e-m+fp/hard/crtbegin.o

.rodata         0x0800f1a0     0x19bc
                0x0800f1a0                        . = ALIGN (0x4)
 *(.rodata)
 .rodata        0x0800f1a0      0x3bf ./Core/Src/cayenne_lpp.o
 *fill*         0x0800f55f        0x1 
 .rodata        0x0800f560      0x11f ./Core/Src/debug.o
 *fill*         0x0800f67f        0x1 
 .rodata        0x0800f680      0x17e ./Core/Src/main.o
 *fill*         0x0800f7fe        0x2 
 .rodata        0x0800f800       0x9a ./Core/Src/bme680/bme68x.o
 *(.rodata*)
 *fill*         0x0800f89a        0x2 
 .rodata.AES_RCON
                0x0800f89c       0x28 ./Core/Src/aes.o
 .rodata.AES_S  0x0800f8c4      0x100 ./Core/Src/aes.o
 .rodata.AES_E1
                0x0800f9c4      0x400 ./Core/Src/aes.o
 .rodata.AES_E2
                0x0800fdc4      0x400 ./Core/Src/aes.o
 .rodata.AES_E3
                0x080101c4      0x400 ./Core/Src/aes.o
 .rodata.AES_E4
                0x080105c4      0x400 ./Core/Src/aes.o
 .rodata.__func__.5
                0x080109c4       0x1c ./Core/Src/cayenne_lpp.o
 .rodata._DR2RPS_CRC
                0x080109e0        0xa ./Core/Src/lmic.o
                0x080109e0                _DR2RPS_CRC
 *fill*         0x080109ea        0x2 
 .rodata.TXPOWLEVELS
                0x080109ec       0x10 ./Core/Src/lmic.o
 .rodata.SENSITIVITY
                0x080109fc       0x15 ./Core/Src/lmic.o
 *fill*         0x08010a11        0x3 
 .rodata.DRADJUST
                0x08010a14        0xa ./Core/Src/lmic.o
 *fill*         0x08010a1e        0x2 
 .rodata.DR2HSYM_osticks
                0x08010a20       0x20 ./Core/Src/lmic.o
 .rodata.iniChannelFreq
                0x08010a40       0x30 ./Core/Src/lmic.o
 .rodata.APPEUI
                0x08010a70        0x8 ./Core/Src/main.o
 .rodata.DEVEUI
                0x08010a78        0x8 ./Core/Src/main.o
 .rodata.DEVKEY
                0x08010a80       0x10 ./Core/Src/main.o
 .rodata.rxlorairqmask
                0x08010a90        0x3 ./Core/Src/radio.o
 *fill*         0x08010a93        0x1 
 .rodata.LORA_RXDONE_FIXUP
                0x08010a94        0xe ./Core/Src/radio.o
 *fill*         0x08010aa2        0x2 
 .rodata.AHBPrescTable
                0x08010aa4       0x10 ./Core/Src/system_stm32l4xx.o
                0x08010aa4                AHBPrescTable
 .rodata.APBPrescTable
                0x08010ab4        0x8 ./Core/Src/system_stm32l4xx.o
                0x08010ab4                APBPrescTable
 .rodata.MSIRangeTable
                0x08010abc       0x30 ./Core/Src/system_stm32l4xx.o
                0x08010abc                MSIRangeTable
 .rodata.__assert_func.str1.1
                0x08010aec       0x3c C:/ST/STM32CubeIDE_1.15.0/STM32CubeIDE/plugins/com.st.stm32cube.ide.mcu.externaltools.gnu-tools-for-stm32.12.3.rel1.win32_1.0.100.202403111256/tools/bin/../lib/gcc/arm-none-eabi/12.3.1/../../../../arm-none-eabi/lib/thumb/v7e-m+fp/hard\libc_nano.a(libc_a-assert.o)
                                 0x3d (size before relaxing)
 .rodata._vfprintf_r.str1.1
                0x08010b28       0x11 C:/ST/STM32CubeIDE_1.15.0/STM32CubeIDE/plugins/com.st.stm32cube.ide.mcu.externaltools.gnu-tools-for-stm32.12.3.rel1.win32_1.0.100.202403111256/tools/bin/../lib/gcc/arm-none-eabi/12.3.1/../../../../arm-none-eabi/lib/thumb/v7e-m+fp/hard\libc_nano.a(libc_a-nano-vfprintf.o)
 .rodata._printf_i.str1.1
                0x08010b39       0x22 C:/ST/STM32CubeIDE_1.15.0/STM32CubeIDE/plugins/com.st.stm32cube.ide.mcu.externaltools.gnu-tools-for-stm32.12.3.rel1.win32_1.0.100.202403111256/tools/bin/../lib/gcc/arm-none-eabi/12.3.1/../../../../arm-none-eabi/lib/thumb/v7e-m+fp/hard\libc_nano.a(libc_a-nano-vfprintf_i.o)
                0x08010b5c                        . = ALIGN (0x4)
 *fill*         0x08010b5b        0x1 

.ARM.extab      0x08010b5c        0x0
                0x08010b5c                        . = ALIGN (0x4)
 *(.ARM.extab* .gnu.linkonce.armextab.*)
                0x08010b5c                        . = ALIGN (0x4)

.ARM            0x08010b5c        0x8
                0x08010b5c                        . = ALIGN (0x4)
                0x08010b5c                        __exidx_start = .
 *(.ARM.exidx*)
 .ARM.exidx     0x08010b5c        0x8 C:/ST/STM32CubeIDE_1.15.0/STM32CubeIDE/plugins/com.st.stm32cube.ide.mcu.externaltools.gnu-tools-for-stm32.12.3.rel1.win32_1.0.100.202403111256/tools/bin/../lib/gcc/arm-none-eabi/12.3.1/../../../../arm-none-eabi/lib/thumb/v7e-m+fp/hard\libc_nano.a(libc_a-memchr.o)
 .ARM.exidx     0x08010b64        0x0 C:/ST/STM32CubeIDE_1.15.0/STM32CubeIDE/plugins/com.st.stm32cube.ide.mcu.externaltools.gnu-tools-for-stm32.12.3.rel1.win32_1.0.100.202403111256/tools/bin/../lib/gcc/arm-none-eabi/12.3.1/thumb/v7e-m+fp/hard\libgcc.a(_udivmoddi4.o)
                                  0x8 (size before relaxing)
                0x08010b64                        __exidx_end = .
                0x08010b64                        . = ALIGN (0x4)

.preinit_array  0x08010b64        0x0
                0x08010b64                        . = ALIGN (0x4)
                0x08010b64                        PROVIDE (__preinit_array_start = .)
 *(.preinit_array*)
                0x08010b64                        PROVIDE (__preinit_array_end = .)
                0x08010b64                        . = ALIGN (0x4)

.init_array     0x08010b64        0x4
                0x08010b64                        . = ALIGN (0x4)
                0x08010b64                        PROVIDE (__init_array_start = .)
 *(SORT_BY_NAME(.init_array.*))
 *(.init_array*)
 .init_array    0x08010b64        0x4 C:/ST/STM32CubeIDE_1.15.0/STM32CubeIDE/plugins/com.st.stm32cube.ide.mcu.externaltools.gnu-tools-for-stm32.12.3.rel1.win32_1.0.100.202403111256/tools/bin/../lib/gcc/arm-none-eabi/12.3.1/thumb/v7e-m+fp/hard/crtbegin.o
                0x08010b68                        PROVIDE (__init_array_end = .)
                0x08010b68                        . = ALIGN (0x4)

.fini_array     0x08010b68        0x4
                0x08010b68                        . = ALIGN (0x4)
                [!provide]                        PROVIDE (__fini_array_start = .)
 *(SORT_BY_NAME(.fini_array.*))
 *(.fini_array*)
 .fini_array    0x08010b68        0x4 C:/ST/STM32CubeIDE_1.15.0/STM32CubeIDE/plugins/com.st.stm32cube.ide.mcu.externaltools.gnu-tools-for-stm32.12.3.rel1.win32_1.0.100.202403111256/tools/bin/../lib/gcc/arm-none-eabi/12.3.1/thumb/v7e-m+fp/hard/crtbegin.o
                [!provide]                        PROVIDE (__fini_array_end = .)
                0x08010b6c                        . = ALIGN (0x4)
                0x08010b6c                        _sidata = LOADADDR (.data)

.rel.dyn        0x08010b6c        0x0
 .rel.iplt      0x08010b6c        0x0 C:/ST/STM32CubeIDE_1.15.0/STM32CubeIDE/plugins/com.st.stm32cube.ide.mcu.externaltools.gnu-tools-for-stm32.12.3.rel1.win32_1.0.100.202403111256/tools/bin/../lib/gcc/arm-none-eabi/12.3.1/thumb/v7e-m+fp/hard/crtbegin.o

.data           0x20000000       0xc4 load address 0x08010b6c
                0x20000000                        . = ALIGN (0x4)
                0x20000000                        _sdata = .
 *(.data)
 *(.data*)
 .data.evnames.0
                0x20000000       0x48 ./Core/Src/debug.o
 .data.SystemCoreClock
                0x20000048        0x4 ./Core/Src/system_stm32l4xx.o
                0x20000048                SystemCoreClock
 .data.dev_addr
                0x2000004c        0x1 ./Core/Src/bme680/bme68x_necessary_functions.o
                0x2000004c                dev_addr
 *fill*         0x2000004d        0x3 
 .data.gas_reference
                0x20000050        0x4 ./Core/Src/bme680/bme68x_necessary_functions.o
                0x20000050                gas_reference
 .data.hum_reference
                0x20000054        0x4 ./Core/Src/bme680/bme68x_necessary_functions.o
                0x20000054                hum_reference
 .data.gas_lower_limit
                0x20000058        0x4 ./Core/Src/bme680/bme68x_necessary_functions.o
                0x20000058                gas_lower_limit
 .data.gas_upper_limit
                0x2000005c        0x4 ./Core/Src/bme680/bme68x_necessary_functions.o
                0x2000005c                gas_upper_limit
 .data.uwTickPrio
                0x20000060        0x4 ./Drivers/STM32L4xx_HAL_Driver/Src/stm32l4xx_hal.o
                0x20000060                uwTickPrio
 .data.uwTickFreq
                0x20000064        0x1 ./Drivers/STM32L4xx_HAL_Driver/Src/stm32l4xx_hal.o
                0x20000064                uwTickFreq
 *fill*         0x20000065        0x3 
 .data.__sglue  0x20000068        0xc C:/ST/STM32CubeIDE_1.15.0/STM32CubeIDE/plugins/com.st.stm32cube.ide.mcu.externaltools.gnu-tools-for-stm32.12.3.rel1.win32_1.0.100.202403111256/tools/bin/../lib/gcc/arm-none-eabi/12.3.1/../../../../arm-none-eabi/lib/thumb/v7e-m+fp/hard\libc_nano.a(libc_a-findfp.o)
                0x20000068                __sglue
 .data._impure_ptr
                0x20000074        0x4 C:/ST/STM32CubeIDE_1.15.0/STM32CubeIDE/plugins/com.st.stm32cube.ide.mcu.externaltools.gnu-tools-for-stm32.12.3.rel1.win32_1.0.100.202403111256/tools/bin/../lib/gcc/arm-none-eabi/12.3.1/../../../../arm-none-eabi/lib/thumb/v7e-m+fp/hard\libc_nano.a(libc_a-impure.o)
                0x20000074                _impure_ptr
 .data._impure_data
                0x20000078       0x4c C:/ST/STM32CubeIDE_1.15.0/STM32CubeIDE/plugins/com.st.stm32cube.ide.mcu.externaltools.gnu-tools-for-stm32.12.3.rel1.win32_1.0.100.202403111256/tools/bin/../lib/gcc/arm-none-eabi/12.3.1/../../../../arm-none-eabi/lib/thumb/v7e-m+fp/hard\libc_nano.a(libc_a-impure.o)
                0x20000078                _impure_data
 *(.RamFunc)
 *(.RamFunc*)
                0x200000c4                        . = ALIGN (0x4)
                0x200000c4                        _edata = .

.igot.plt       0x200000c4        0x0 load address 0x08010c30
 .igot.plt      0x200000c4        0x0 C:/ST/STM32CubeIDE_1.15.0/STM32CubeIDE/plugins/com.st.stm32cube.ide.mcu.externaltools.gnu-tools-for-stm32.12.3.rel1.win32_1.0.100.202403111256/tools/bin/../lib/gcc/arm-none-eabi/12.3.1/thumb/v7e-m+fp/hard/crtbegin.o
                0x200000c4                        . = ALIGN (0x4)

.bss            0x200000c4      0x720 load address 0x08010c30
                0x200000c4                        _sbss = .
                0x200000c4                        __bss_start__ = _sbss
 *(.bss)
 .bss           0x200000c4       0x1c C:/ST/STM32CubeIDE_1.15.0/STM32CubeIDE/plugins/com.st.stm32cube.ide.mcu.externaltools.gnu-tools-for-stm32.12.3.rel1.win32_1.0.100.202403111256/tools/bin/../lib/gcc/arm-none-eabi/12.3.1/thumb/v7e-m+fp/hard/crtbegin.o
 *(.bss*)
 .bss.hadc1     0x200000e0       0x64 ./Core/Src/adc.o
                0x200000e0                hadc1
 .bss.AESAUX    0x20000144       0x10 ./Core/Src/aes.o
                0x20000144                AESAUX
 .bss.AESKEY    0x20000154       0xb0 ./Core/Src/aes.o
                0x20000154                AESKEY
 .bss.HAL       0x20000204        0x8 ./Core/Src/hal.o
 .bss.hi2c1     0x2000020c       0x54 ./Core/Src/i2c.o
                0x2000020c                hi2c1
 .bss.LMIC      0x20000260      0x1ac ./Core/Src/lmic.o
                0x20000260                LMIC
 .bss.lpp       0x2000040c       0x2b ./Core/Src/main.o
                0x2000040c                lpp
 *fill*         0x20000437        0x1 
 .bss.data      0x20000438       0x1c ./Core/Src/main.o
                0x20000438                data
 .bss.temp      0x20000454        0x4 ./Core/Src/main.o
                0x20000454                temp
 .bss.reportjob
                0x20000458        0xc ./Core/Src/main.o
 .bss.OS        0x20000464        0x8 ./Core/Src/oslmic.o
 .bss.randbuf   0x2000046c       0x10 ./Core/Src/radio.o
 .bss.hspi3     0x2000047c       0x64 ./Core/Src/spi.o
                0x2000047c                hspi3
 .bss.__sbrk_heap_end
                0x200004e0        0x4 ./Core/Src/sysmem.o
 .bss.htim7     0x200004e4       0x4c ./Core/Src/tim.o
                0x200004e4                htim7
 .bss.huart2    0x20000530       0x88 ./Core/Src/usart.o
                0x20000530                huart2
 .bss.BME68x_I2C_Handler
                0x200005b8       0x54 ./Core/Src/bme680/bme68x_necessary_functions.o
                0x200005b8                BME68x_I2C_Handler
 .bss.bme       0x2000060c       0x50 ./Core/Src/bme680/bme68x_necessary_functions.o
                0x2000060c                bme
 .bss.BME68x_DATA
                0x2000065c        0x4 ./Core/Src/bme680/bme68x_necessary_functions.o
                0x2000065c                BME68x_DATA
 .bss.rslt      0x20000660        0x1 ./Core/Src/bme680/bme68x_necessary_functions.o
                0x20000660                rslt
 *fill*         0x20000661        0x3 
 .bss.conf      0x20000664        0x5 ./Core/Src/bme680/bme68x_necessary_functions.o
                0x20000664                conf
 *fill*         0x20000669        0x3 
 .bss.heatr_conf
                0x2000066c       0x14 ./Core/Src/bme680/bme68x_necessary_functions.o
                0x2000066c                heatr_conf
 .bss.del_period
                0x20000680        0x4 ./Core/Src/bme680/bme68x_necessary_functions.o
                0x20000680                del_period
 .bss.n_fields  0x20000684        0x1 ./Core/Src/bme680/bme68x_necessary_functions.o
                0x20000684                n_fields
 *fill*         0x20000685        0x3 
 .bss.humidity_score
                0x20000688        0x4 ./Core/Src/bme680/bme68x_necessary_functions.o
                0x20000688                humidity_score
 .bss.gas_score
                0x2000068c        0x4 ./Core/Src/bme680/bme68x_necessary_functions.o
                0x2000068c                gas_score
 .bss.getgasreference_count
                0x20000690        0x1 ./Core/Src/bme680/bme68x_necessary_functions.o
                0x20000690                getgasreference_count
 *fill*         0x20000691        0x3 
 .bss.uwTick    0x20000694        0x4 ./Drivers/STM32L4xx_HAL_Driver/Src/stm32l4xx_hal.o
                0x20000694                uwTick
 .bss.__sf      0x20000698      0x138 C:/ST/STM32CubeIDE_1.15.0/STM32CubeIDE/plugins/com.st.stm32cube.ide.mcu.externaltools.gnu-tools-for-stm32.12.3.rel1.win32_1.0.100.202403111256/tools/bin/../lib/gcc/arm-none-eabi/12.3.1/../../../../arm-none-eabi/lib/thumb/v7e-m+fp/hard\libc_nano.a(libc_a-findfp.o)
                0x20000698                __sf
 .bss.__stdio_exit_handler
                0x200007d0        0x4 C:/ST/STM32CubeIDE_1.15.0/STM32CubeIDE/plugins/com.st.stm32cube.ide.mcu.externaltools.gnu-tools-for-stm32.12.3.rel1.win32_1.0.100.202403111256/tools/bin/../lib/gcc/arm-none-eabi/12.3.1/../../../../arm-none-eabi/lib/thumb/v7e-m+fp/hard\libc_nano.a(libc_a-findfp.o)
                0x200007d0                __stdio_exit_handler
 .bss.errno     0x200007d4        0x4 C:/ST/STM32CubeIDE_1.15.0/STM32CubeIDE/plugins/com.st.stm32cube.ide.mcu.externaltools.gnu-tools-for-stm32.12.3.rel1.win32_1.0.100.202403111256/tools/bin/../lib/gcc/arm-none-eabi/12.3.1/../../../../arm-none-eabi/lib/thumb/v7e-m+fp/hard\libc_nano.a(libc_a-reent.o)
                0x200007d4                errno
 .bss.__lock___malloc_recursive_mutex
                0x200007d8        0x1 C:/ST/STM32CubeIDE_1.15.0/STM32CubeIDE/plugins/com.st.stm32cube.ide.mcu.externaltools.gnu-tools-for-stm32.12.3.rel1.win32_1.0.100.202403111256/tools/bin/../lib/gcc/arm-none-eabi/12.3.1/../../../../arm-none-eabi/lib/thumb/v7e-m+fp/hard\libc_nano.a(libc_a-lock.o)
                0x200007d8                __lock___malloc_recursive_mutex
 .bss.__lock___sfp_recursive_mutex
                0x200007d9        0x1 C:/ST/STM32CubeIDE_1.15.0/STM32CubeIDE/plugins/com.st.stm32cube.ide.mcu.externaltools.gnu-tools-for-stm32.12.3.rel1.win32_1.0.100.202403111256/tools/bin/../lib/gcc/arm-none-eabi/12.3.1/../../../../arm-none-eabi/lib/thumb/v7e-m+fp/hard\libc_nano.a(libc_a-lock.o)
                0x200007d9                __lock___sfp_recursive_mutex
 *fill*         0x200007da        0x2 
 .bss.__malloc_sbrk_start
                0x200007dc        0x4 C:/ST/STM32CubeIDE_1.15.0/STM32CubeIDE/plugins/com.st.stm32cube.ide.mcu.externaltools.gnu-tools-for-stm32.12.3.rel1.win32_1.0.100.202403111256/tools/bin/../lib/gcc/arm-none-eabi/12.3.1/../../../../arm-none-eabi/lib/thumb/v7e-m+fp/hard\libc_nano.a(libc_a-mallocr.o)
                0x200007dc                __malloc_sbrk_start
 .bss.__malloc_free_list
                0x200007e0        0x4 C:/ST/STM32CubeIDE_1.15.0/STM32CubeIDE/plugins/com.st.stm32cube.ide.mcu.externaltools.gnu-tools-for-stm32.12.3.rel1.win32_1.0.100.202403111256/tools/bin/../lib/gcc/arm-none-eabi/12.3.1/../../../../arm-none-eabi/lib/thumb/v7e-m+fp/hard\libc_nano.a(libc_a-mallocr.o)
                0x200007e0                __malloc_free_list
 *(COMMON)
                0x200007e4                        . = ALIGN (0x4)
                0x200007e4                        _ebss = .
                0x200007e4                        __bss_end__ = _ebss

._user_heap_stack
                0x200007e4      0x604 load address 0x08010c30
                0x200007e8                        . = ALIGN (0x8)
 *fill*         0x200007e4        0x4 
                [!provide]                        PROVIDE (end = .)
                0x200007e8                        PROVIDE (_end = .)
                0x200009e8                        . = (. + _Min_Heap_Size)
 *fill*         0x200007e8      0x200 
                0x20000de8                        . = (. + _Min_Stack_Size)
 *fill*         0x200009e8      0x400 
                0x20000de8                        . = ALIGN (0x8)

/DISCARD/
 libc.a(*)
 libm.a(*)
 libgcc.a(*)

.ARM.attributes
                0x00000000       0x30
 *(.ARM.attributes)
 .ARM.attributes
                0x00000000       0x22 C:/ST/STM32CubeIDE_1.15.0/STM32CubeIDE/plugins/com.st.stm32cube.ide.mcu.externaltools.gnu-tools-for-stm32.12.3.rel1.win32_1.0.100.202403111256/tools/bin/../lib/gcc/arm-none-eabi/12.3.1/thumb/v7e-m+fp/hard/crti.o
 .ARM.attributes
                0x00000022       0x34 C:/ST/STM32CubeIDE_1.15.0/STM32CubeIDE/plugins/com.st.stm32cube.ide.mcu.externaltools.gnu-tools-for-stm32.12.3.rel1.win32_1.0.100.202403111256/tools/bin/../lib/gcc/arm-none-eabi/12.3.1/thumb/v7e-m+fp/hard/crtbegin.o
 .ARM.attributes
                0x00000056       0x34 ./Core/Src/adc.o
 .ARM.attributes
                0x0000008a       0x34 ./Core/Src/aes.o
 .ARM.attributes
                0x000000be       0x34 ./Core/Src/cayenne_lpp.o
 .ARM.attributes
                0x000000f2       0x34 ./Core/Src/debug.o
 .ARM.attributes
                0x00000126       0x34 ./Core/Src/gpio.o
 .ARM.attributes
                0x0000015a       0x34 ./Core/Src/hal.o
 .ARM.attributes
                0x0000018e       0x34 ./Core/Src/i2c.o
 .ARM.attributes