../Core/Src/main.c:90:13:hellofunc	16	static
../Core/Src/main.c:103:6:os_getArtEui	16	static
../Core/Src/main.c:107:6:os_getDevEui	16	static
../Core/Src/main.c:111:6:os_getDevKey	24	static
../Core/Src/main.c:114:6:initsensor	8	static
../Core/Src/main.c:121:6:initfunc	16	static
../Core/Src/main.c:136:13:reportfunc	16	static
../Core/Src/main.c:169:6:onEvent	16	static
../Core/Src/main.c:241:5:main	24	static
../Core/Src/main.c:300:6:SystemClock_Config	96	static
../Core/Src/main.c:353:6:Error_Handler	4	static,ignoring_inline_asm
